Archive member included because of file (symbol)

..\..\..\..\..\..\microchip\xc32\v1.31\pic32mx\lib\libmchp_peripheral_32MX795F512L.a(open_core_timer_lib.o)
                              build/default/debug/src/bsp/cnc_rev_00/bsp_sys_init.o (OpenCoreTimer)
..\..\..\..\..\..\microchip\xc32\v1.31\pic32mx\lib\libmchp_peripheral_32MX795F512L.a(update_core_timer_lib.o)
                              build/default/debug/src/app/system_config/pic32_mx/system_interrupt.o (UpdateCoreTimer)
..\..\..\..\..\..\microchip\xc32\v1.31\pic32mx\lib\libmchp_peripheral_32MX795F512L.a(pcache.o)
                              build/default/debug/src/app/system_config/pic32_mx/system_init.o (CheKseg0CacheOn)
..\..\..\..\..\..\microchip\xc32\v1.31\pic32mx\lib\libmchp_peripheral_32MX795F512L.a(int_configure_system_lib.o)
                              build/default/debug/src/app/system_config/pic32_mx/system_init.o (INTConfigureSystem)
..\..\..\..\..\..\microchip\xc32\v1.31\pic32mx\lib\libmchp_peripheral_32MX795F512L.a(int_enable_interrupts_lib.o)
                              build/default/debug/src/app/system_config/pic32_mx/system_init.o (INTEnableInterrupts)
..\..\..\..\..\..\microchip\xc32\v1.31\pic32mx\lib\libmchp_peripheral_32MX795F512L.a(int_disable_interrupts_lib.o)
                              build/default/debug/src/app/system_config/pic32_mx/system_init.o (INTDisableInterrupts)
..\..\..\..\..\..\microchip\xc32\v1.31\pic32mx\lib\libmchp_peripheral_32MX795F512L.a(int_restore_interrupts_lib.o)
                              build/default/debug/src/app/system_config/pic32_mx/system_init.o (INTRestoreInterrupts)
..\..\..\..\..\..\microchip\xc32\v1.31\pic32mx\lib\libmchp_peripheral_32MX795F512L.a(int_tbl_lib.o)
                              build/default/debug/src/app/system_config/pic32_mx/system_interrupt.o (INTClearFlag)
..\..\..\..\..\..\microchip\xc32\v1.31\pic32mx\lib\libmchp_peripheral_32MX795F512L.a(nvm_erase_page_lib.o)
                              build/default/debug/src/app/app_tasks/dee_emulation_pic32.o (NVMErasePage)
..\..\..\..\..\..\microchip\xc32\v1.31\pic32mx\lib\libmchp_peripheral_32MX795F512L.a(nvm_operation_lib.o)
                              ..\..\..\..\..\..\microchip\xc32\v1.31\pic32mx\lib\libmchp_peripheral_32MX795F512L.a(nvm_erase_page_lib.o) (_NVMOperation)
..\..\..\..\..\..\microchip\xc32\v1.31\pic32mx\lib\libmchp_peripheral_32MX795F512L.a(nvm_write_word_lib.o)
                              build/default/debug/src/app/app_tasks/dee_emulation_pic32.o (NVMWriteWord)
..\..\..\..\..\..\microchip\xc32\v1.31\pic32mx\lib\libmchp_peripheral_32MX795F512L.a(port_set_pins_digital_in_lib.o)
                              build/default/debug/src/bsp/cnc_rev_00/bsp_sys_init.o (PORTSetPinsDigitalIn)
..\..\..\..\..\..\microchip\xc32\v1.31\pic32mx\lib\libmchp_peripheral_32MX795F512L.a(port_set_pins_digital_out_lib.o)
                              build/default/debug/src/bsp/cnc_rev_00/bsp_sys_init.o (PORTSetPinsDigitalOut)
..\..\..\..\..\..\microchip\xc32\v1.31\pic32mx\lib\libmchp_peripheral_32MX795F512L.a(port_read_bits_lib.o)
                              build/default/debug/src/bsp/cnc_rev_00/bsp_sys_init.o (PORTReadBits)
..\..\..\..\..\..\microchip\xc32\v1.31\pic32mx\lib\libmchp_peripheral_32MX795F512L.a(port_clear_bits_lib.o)
                              build/default/debug/src/app/app_tasks/stepper.o (PORTClearBits)
..\..\..\..\..\..\microchip\xc32\v1.31\pic32mx\lib\libmchp_peripheral_32MX795F512L.a(port_set_bits_lib.o)
                              build/default/debug/src/app/app_tasks/stepper.o (PORTSetBits)
..\..\..\..\..\..\microchip\xc32\v1.31\pic32mx\lib\libmchp_peripheral_32MX795F512L.a(_ports_tbl_libp.o)
                              ..\..\..\..\..\..\microchip\xc32\v1.31\pic32mx\lib\libmchp_peripheral_32MX795F512L.a(port_set_pins_digital_in_lib.o) (PortRegTbl)
..\..\..\..\..\..\microchip\xc32\v1.31\pic32mx\lib\libmchp_peripheral_32MX795F512L.a(uart_lib.o)
                              build/default/debug/src/bsp/cnc_rev_00/bsp_sys_init.o (UARTEnable)
c:/microchip/xc32/v1.31/bin/../lib/gcc/pic32mx/4.5.2\libgcc.a(floatunsisf.o)
                              build/default/debug/src/app/app_tasks/program_planner.o (__floatunsisf)
c:/microchip/xc32/v1.31/bin/../lib/gcc/pic32mx/4.5.2/../../../../pic32mx/lib\libpic32.a(memcpy.o)
                              build/default/debug/src/app/app_tasks/program_planner.o (memcpy)
c:/microchip/xc32/v1.31/bin/../lib/gcc/pic32mx/4.5.2/../../../../pic32mx/lib\libpic32.a(memset.o)
                              build/default/debug/src/app/app_tasks/program_planner.o (memset)
c:/microchip/xc32/v1.31/bin/../lib/gcc/pic32mx/4.5.2/../../../../pic32mx/lib\libpic32.a(default-bootstrap-exception-handler.o)
                              c:/microchip/xc32/v1.31/bin/../lib/gcc/pic32mx/4.5.2/../../../../pic32mx/lib/./proc/32MX795F512L/crt0_mips32r2.o (_bootstrap_exception_handler)
[...]
Memory Configuration

Name             Origin             Length             Attributes
kseg0_program_mem 0x9d000000         0x00080000         xr
kseg0_boot_mem   0x9fc00490         0x00000970
exception_mem    0x9fc01000         0x00001000
kseg1_boot_mem   0xbfc00000         0x00000490
debug_exec_mem   0xbfc02000         0x00000ff0
config3          0xbfc02ff0         0x00000004
config2          0xbfc02ff4         0x00000004
config1          0xbfc02ff8         0x00000004
config0          0xbfc02ffc         0x00000004
kseg1_data_mem   0xa0000000         0x00020000         w !x
sfrs             0xbf800000         0x00100000
configsfrs       0xbfc02ff0         0x00000010
*default*        0x00000000         0xffffffff

Linker script and memory map

LOAD c:/microchip/xc32/v1.31/bin/../lib/gcc/pic32mx/4.5.2/../../../../pic32mx/lib/./proc/32MX795F512L/crt0_mips32r2.o
                0x00000001                _DEBUGGER = 0x1
LOAD build/default/debug/src/app/app_tasks/program_planner.o
LOAD build/default/debug/src/app/app_tasks/g_code.o
LOAD build/default/debug/src/app/app_tasks/motion.o
LOAD build/default/debug/src/app/app_tasks/nuts_bolts.o
LOAD build/default/debug/src/app/app_tasks/settings.o
LOAD build/default/debug/src/app/app_tasks/eeprom.o
LOAD build/default/debug/src/app/app_tasks/dee_emulation_pic32.o
LOAD build/default/debug/src/app/app_tasks/report.o
LOAD build/default/debug/src/app/app_tasks/stepper.o
LOAD build/default/debug/src/app/system_config/pic32_mx/system_init.o
LOAD build/default/debug/src/app/system_config/pic32_mx/system_interrupt.o
LOAD build/default/debug/src/app/system_config/pic32_mx/system_task.o
LOAD build/default/debug/src/app/main.o
LOAD build/default/debug/src/app/app.o
LOAD build/default/debug/src/bsp/cnc_rev_00/bsp_sys_init.o
LOAD ..\..\..\..\..\..\microchip\xc32\v1.31\pic32mx\lib\libmchp_peripheral_32MX795F512L.a
                0x00000001                __MPLAB_BUILD = 0x1
                0x00000001                __MPLAB_DEBUG = 0x1
                0x00000001                __DEBUG = 0x1
                0x00000001                __MPLAB_DEBUGGER_PK3 = 0x1
LOAD c:/microchip/xc32/v1.31/bin/../lib/gcc/pic32mx/4.5.2/../../../../pic32mx/lib/./proc/32MX795F512L\default_isr_vectors.o
                0x00000400                PROVIDE (_min_stack_size, 0x400)
LOAD c:/microchip/xc32/v1.31/bin/../lib/gcc/pic32mx/4.5.2/../../../../pic32mx/lib/./proc/32MX795F512L\processor.o
START GROUP
LOAD c:/microchip/xc32/v1.31/bin/../lib/gcc/pic32mx/4.5.2/../../../../pic32mx/lib\libmchp_peripheral.a
END GROUP
START GROUP
LOAD c:/microchip/xc32/v1.31/bin/../lib/gcc/pic32mx/4.5.2/../../../../pic32mx/lib\libmchp_peripheral_32MX795F512L.a
END GROUP
                0x00000001                PROVIDE (_vector_spacing, 0x1)
                0x9fc01000                _ebase_address = 0x9fc01000
                0xbfc00000                _RESET_ADDR = 0xbfc00000
                0xbfc00380                _BEV_EXCPT_ADDR = 0xbfc00380
                0xbfc00480                _DBG_EXCPT_ADDR = 0xbfc00480
                0xbfc02000                _DBG_CODE_ADDR = 0xbfc02000
                0x00000ff0                _DBG_CODE_SIZE = 0xff0
                0x9fc01180                _GEN_EXCPT_ADDR = (_ebase_address + 0x180)

.config_BFC02FF0
                0xbfc02ff0        0x4
 *(.config_BFC02FF0)
 .config_BFC02FF0
                0xbfc02ff0        0x4 build/default/debug/src/app/system_config/pic32_mx/system_init.o

.config_BFC02FF4
                0xbfc02ff4        0x4
 *(.config_BFC02FF4)
 .config_BFC02FF4
                0xbfc02ff4        0x4 build/default/debug/src/app/system_config/pic32_mx/system_init.o

.config_BFC02FF8
                0xbfc02ff8        0x4
 *(.config_BFC02FF8)
 .config_BFC02FF8
                0xbfc02ff8        0x4 build/default/debug/src/app/system_config/pic32_mx/system_init.o

.config_BFC02FFC
                0xbfc02ffc        0x4
 *(.config_BFC02FFC)
 .config_BFC02FFC
                0xbfc02ffc        0x4 build/default/debug/src/app/system_config/pic32_mx/system_init.o
                0xbfc02000                PROVIDE (_DBG_CODE_ADDR, 0xbfc02000)
                0x00000ff0                PROVIDE (_DBG_CODE_SIZE, 0xff0)

.reset          0xbfc00000      0x1e8
 *(.reset)
 .reset         0xbfc00000      0x1e8 c:/microchip/xc32/v1.31/bin/../lib/gcc/pic32mx/4.5.2/../../../../pic32mx/lib/./proc/32MX795F512L/crt0_mips32r2.o
                0xbfc00000                _reset
 *(.reset.startup)

.bev_excpt      0xbfc00380       0x10
 *(.bev_handler)
 .bev_handler   0xbfc00380       0x10 c:/microchip/xc32/v1.31/bin/../lib/gcc/pic32mx/4.5.2/../../../../pic32mx/lib/./proc/32MX795F512L/crt0_mips32r2.o

.dbg_excpt      0xbfc00480        0x8
                0xbfc00480                . = (. + DEFINED (_DEBUGGER)?0x8:0x0)
 *fill*         0xbfc00480        0x8 

.dbg_code       0xbfc02000      0xff0
                0xbfc02000                . = (. + DEFINED (_DEBUGGER)?_DBG_CODE_SIZE:0x0)
 *fill*         0xbfc02000      0xff0 

.app_excpt      0x9fc01180       0x10
 *(.gen_handler)
 .gen_handler   0x9fc01180       0x10 c:/microchip/xc32/v1.31/bin/../lib/gcc/pic32mx/4.5.2/../../../../pic32mx/lib/./proc/32MX795F512L/crt0_mips32r2.o

.vector_0       0x9fc01200        0x8
 *(.vector_0)
 .vector_0      0x9fc01200        0x8 build/default/debug/src/app/system_config/pic32_mx/system_interrupt.o
                0x9fc01200                __vector_dispatch_0
                0x00000001                ASSERT (((_vector_spacing == 0x0) || (SIZEOF (.vector_0) <= (_vector_spacing << 0x5))), function at exception vector 0 too large)

.vector_1       0x9fc01220        0x8
 *(.vector_1)
 .vector_1      0x9fc01220        0x8 c:/microchip/xc32/v1.31/bin/../lib/gcc/pic32mx/4.5.2/../../../../pic32mx/lib\libpic32.a(vector1.o)
                0x9fc01220                __vector_dispatch_1
                0x00000001                ASSERT (((_vector_spacing == 0x0) || (SIZEOF (.vector_1) <= (_vector_spacing << 0x5))), function at exception vector 1 too large)

.vector_2       0x9fc01240        0x8
 *(.vector_2)
 .vector_2      0x9fc01240        0x8 c:/microchip/xc32/v1.31/bin/../lib/gcc/pic32mx/4.5.2/../../../../pic32mx/lib\libpic32.a(vector2.o)
                0x9fc01240                __vector_dispatch_2
                0x00000001                ASSERT (((_vector_spacing == 0x0) || (SIZEOF (.vector_2) <= (_vector_spacing << 0x5))), function at exception vector 2 too large)

.vector_3       0x9fc01260        0x8
 *(.vector_3)
 .vector_3      0x9fc01260        0x8 c:/microchip/xc32/v1.31/bin/../lib/gcc/pic32mx/4.5.2/../../../../pic32mx/lib\libpic32.a(vector3.o)
                0x9fc01260                __vector_dispatch_3
                0x00000001                ASSERT (((_vector_spacing == 0x0) || (SIZEOF (.vector_3) <= (_vector_spacing << 0x5))), function at exception vector 3 too large)

.vector_4       0x9fc01280        0x8
 *(.vector_4)
 .vector_4      0x9fc01280        0x8 build/default/debug/src/app/system_config/pic32_mx/system_interrupt.o
                0x9fc01280                __vector_dispatch_4
                0x00000001                ASSERT (((_vector_spacing == 0x0) || (SIZEOF (.vector_4) <= (_vector_spacing << 0x5))), function at exception vector 4 too large)

.vector_5       0x9fc012a0        0x8
 *(.vector_5)
 .vector_5      0x9fc012a0        0x8 c:/microchip/xc32/v1.31/bin/../lib/gcc/pic32mx/4.5.2/../../../../pic32mx/lib\libpic32.a(vector5.o)
                0x9fc012a0                __vector_dispatch_5
                0x00000001                ASSERT (((_vector_spacing == 0x0) || (SIZEOF (.vector_5) <= (_vector_spacing << 0x5))), function at exception vector 5 too large)

.vector_6       0x9fc012c0        0x8
 *(.vector_6)
 .vector_6      0x9fc012c0        0x8 c:/microchip/xc32/v1.31/bin/../lib/gcc/pic32mx/4.5.2/../../../../pic32mx/lib\libpic32.a(vector6.o)
                0x9fc012c0                __vector_dispatch_6
                0x00000001                ASSERT (((_vector_spacing == 0x0) || (SIZEOF (.vector_6) <= (_vector_spacing << 0x5))), function at exception vector 6 too large)

.vector_7       0x9fc012e0        0x8
 *(.vector_7)
 .vector_7      0x9fc012e0        0x8 build/default/debug/src/app/system_config/pic32_mx/system_interrupt.o
                0x9fc012e0                __vector_dispatch_7
                0x00000001                ASSERT (((_vector_spacing == 0x0) || (SIZEOF (.vector_7) <= (_vector_spacing << 0x5))), function at exception vector 7 too large)

.vector_8       0x9fc01300        0x8
 *(.vector_8)
 .vector_8      0x9fc01300        0x8 build/default/debug/src/app/system_config/pic32_mx/system_interrupt.o
                0x9fc01300                __vector_dispatch_8
                0x00000001                ASSERT (((_vector_spacing == 0x0) || (SIZEOF (.vector_8) <= (_vector_spacing << 0x5))), function at exception vector 8 too large)

.vector_9       0x9fc01320        0x8
 *(.vector_9)
 .vector_9      0x9fc01320        0x8 c:/microchip/xc32/v1.31/bin/../lib/gcc/pic32mx/4.5.2/../../../../pic32mx/lib\libpic32.a(vector9.o)
                0x9fc01320                __vector_dispatch_9
                0x00000001                ASSERT (((_vector_spacing == 0x0) || (SIZEOF (.vector_9) <= (_vector_spacing << 0x5))), function at exception vector 9 too large)

.vector_10      0x9fc01340        0x8
 *(.vector_10)
 .vector_10     0x9fc01340        0x8 c:/microchip/xc32/v1.31/bin/../lib/gcc/pic32mx/4.5.2/../../../../pic32mx/lib\libpic32.a(vector10.o)
                0x9fc01340                __vector_dispatch_10
                0x00000001                ASSERT (((_vector_spacing == 0x0) || (SIZEOF (.vector_10) <= (_vector_spacing << 0x5))), function at exception vector 10 too large)

.vector_11      0x9fc01360        0x8
 *(.vector_11)
 .vector_11     0x9fc01360        0x8 build/default/debug/src/app/system_config/pic32_mx/system_interrupt.o
                0x9fc01360                __vector_dispatch_11
                0x00000001                ASSERT (((_vector_spacing == 0x0) || (SIZEOF (.vector_11) <= (_vector_spacing << 0x5))), function at exception vector 11 too large)

.vector_12      0x9fc01380        0x8
 *(.vector_12)
 .vector_12     0x9fc01380        0x8 build/default/debug/src/app/system_config/pic32_mx/system_interrupt.o
                0x9fc01380                __vector_dispatch_12
                0x00000001                ASSERT (((_vector_spacing == 0x0) || (SIZEOF (.vector_12) <= (_vector_spacing << 0x5))), function at exception vector 12 too large)

.vector_13      0x9fc013a0        0x8
 *(.vector_13)
 .vector_13     0x9fc013a0        0x8 c:/microchip/xc32/v1.31/bin/../lib/gcc/pic32mx/4.5.2/../../../../pic32mx/lib\libpic32.a(vector13.o)
                0x9fc013a0                __vector_dispatch_13
                0x00000001                ASSERT (((_vector_spacing == 0x0) || (SIZEOF (.vector_13) <= (_vector_spacing << 0x5))), function at exception vector 13 too large)

.vector_14      0x9fc013c0        0x8
 *(.vector_14)
 .vector_14     0x9fc013c0        0x8 c:/microchip/xc32/v1.31/bin/../lib/gcc/pic32mx/4.5.2/../../../../pic32mx/lib\libpic32.a(vector14.o)
                0x9fc013c0                __vector_dispatch_14
                0x00000001                ASSERT (((_vector_spacing == 0x0) || (SIZEOF (.vector_14) <= (_vector_spacing << 0x5))), function at exception vector 14 too large)

.vector_15      0x9fc013e0        0x8
 *(.vector_15)
 .vector_15     0x9fc013e0        0x8 c:/microchip/xc32/v1.31/bin/../lib/gcc/pic32mx/4.5.2/../../../../pic32mx/lib\libpic32.a(vector15.o)
                0x9fc013e0                __vector_dispatch_15
                0x00000001                ASSERT (((_vector_spacing == 0x0) || (SIZEOF (.vector_15) <= (_vector_spacing << 0x5))), function at exception vector 15 too large)

.vector_16      0x9fc01400        0x8
 *(.vector_16)
 .vector_16     0x9fc01400        0x8 build/default/debug/src/app/system_config/pic32_mx/system_interrupt.o
                0x9fc01400                __vector_dispatch_16
                0x00000001                ASSERT (((_vector_spacing == 0x0) || (SIZEOF (.vector_16) <= (_vector_spacing << 0x5))), function at exception vector 16 too large)

.vector_17      0x9fc01420        0x8
 *(.vector_17)
 .vector_17     0x9fc01420        0x8 c:/microchip/xc32/v1.31/bin/../lib/gcc/pic32mx/4.5.2/../../../../pic32mx/lib\libpic32.a(vector17.o)
                0x9fc01420                __vector_dispatch_17
                0x00000001                ASSERT (((_vector_spacing == 0x0) || (SIZEOF (.vector_17) <= (_vector_spacing << 0x5))), function at exception vector 17 too large)

.vector_18      0x9fc01440        0x8
 *(.vector_18)
 .vector_18     0x9fc01440        0x8 c:/microchip/xc32/v1.31/bin/../lib/gcc/pic32mx/4.5.2/../../../../pic32mx/lib\libpic32.a(vector18.o)
                0x9fc01440                __vector_dispatch_18
                0x00000001                ASSERT (((_vector_spacing == 0x0) || (SIZEOF (.vector_18) <= (_vector_spacing << 0x5))), function at exception vector 18 too large)

.vector_19      0x9fc01460        0x8
 *(.vector_19)
 .vector_19     0x9fc01460        0x8 c:/microchip/xc32/v1.31/bin/../lib/gcc/pic32mx/4.5.2/../../../../pic32mx/lib\libpic32.a(vector19.o)
                0x9fc01460                __vector_dispatch_19
                0x00000001                ASSERT (((_vector_spacing == 0x0) || (SIZEOF (.vector_19) <= (_vector_spacing << 0x5))), function at exception vector 19 too large)

.vector_20      0x9fc01480        0x8
 *(.vector_20)
 .vector_20     0x9fc01480        0x8 c:/microchip/xc32/v1.31/bin/../lib/gcc/pic32mx/4.5.2/../../../../pic32mx/lib\libpic32.a(vector20.o)
                0x9fc01480                __vector_dispatch_20
                0x00000001                ASSERT (((_vector_spacing == 0x0) || (SIZEOF (.vector_20) <= (_vector_spacing << 0x5))), function at exception vector 20 too large)

.vector_21      0x9fc014a0        0x8
 *(.vector_21)
 .vector_21     0x9fc014a0        0x8 c:/microchip/xc32/v1.31/bin/../lib/gcc/pic32mx/4.5.2/../../../../pic32mx/lib\libpic32.a(vector21.o)
                0x9fc014a0                __vector_dispatch_21
                0x00000001                ASSERT (((_vector_spacing == 0x0) || (SIZEOF (.vector_21) <= (_vector_spacing << 0x5))), function at exception vector 21 too large)

.vector_22      0x9fc014c0        0x8
 *(.vector_22)
 .vector_22     0x9fc014c0        0x8 c:/microchip/xc32/v1.31/bin/../lib/gcc/pic32mx/4.5.2/../../../../pic32mx/lib\libpic32.a(vector22.o)
                0x9fc014c0                __vector_dispatch_22
                0x00000001                ASSERT (((_vector_spacing == 0x0) || (SIZEOF (.vector_22) <= (_vector_spacing << 0x5))), function at exception vector 22 too large)

.vector_23      0x9fc014e0        0x8
 *(.vector_23)
 .vector_23     0x9fc014e0        0x8 c:/microchip/xc32/v1.31/bin/../lib/gcc/pic32mx/4.5.2/../../../../pic32mx/lib\libpic32.a(vector23.o)
                0x9fc014e0                __vector_dispatch_23
                0x00000001                ASSERT (((_vector_spacing == 0x0) || (SIZEOF (.vector_23) <= (_vector_spacing << 0x5))), function at exception vector 23 too large)

.vector_24      0x9fc01500        0x8
 *(.vector_24)
 .vector_24     0x9fc01500        0x8 c:/microchip/xc32/v1.31/bin/../lib/gcc/pic32mx/4.5.2/../../../../pic32mx/lib\libpic32.a(vector24.o)
                0x9fc01500                __vector_dispatch_24
                0x00000001                ASSERT (((_vector_spacing == 0x0) || (SIZEOF (.vector_24) <= (_vector_spacing << 0x5))), function at exception vector 24 too large)

.vector_25      0x9fc01520        0x8
 *(.vector_25)
 .vector_25     0x9fc01520        0x8 c:/microchip/xc32/v1.31/bin/../lib/gcc/pic32mx/4.5.2/../../../../pic32mx/lib\libpic32.a(vector25.o)
                0x9fc01520                __vector_dispatch_25
                0x00000001                ASSERT (((_vector_spacing == 0x0) || (SIZEOF (.vector_25) <= (_vector_spacing << 0x5))), function at exception vector 25 too large)

.vector_26      0x9fc01540        0x8
 *(.vector_26)
 .vector_26     0x9fc01540        0x8 c:/microchip/xc32/v1.31/bin/../lib/gcc/pic32mx/4.5.2/../../../../pic32mx/lib\libpic32.a(vector26.o)
                0x9fc01540                __vector_dispatch_26
                0x00000001                ASSERT (((_vector_spacing == 0x0) || (SIZEOF (.vector_26) <= (_vector_spacing << 0x5))), function at exception vector 26 too large)

.vector_27      0x9fc01560        0x8
 *(.vector_27)
 .vector_27     0x9fc01560        0x8 c:/microchip/xc32/v1.31/bin/../lib/gcc/pic32mx/4.5.2/../../../../pic32mx/lib\libpic32.a(vector27.o)
                0x9fc01560                __vector_dispatch_27
                0x00000001                ASSERT (((_vector_spacing == 0x0) || (SIZEOF (.vector_27) <= (_vector_spacing << 0x5))), function at exception vector 27 too large)

.vector_28      0x9fc01580        0x8
 *(.vector_28)
 .vector_28     0x9fc01580        0x8 c:/microchip/xc32/v1.31/bin/../lib/gcc/pic32mx/4.5.2/../../../../pic32mx/lib\libpic32.a(vector28.o)
                0x9fc01580                __vector_dispatch_28
                0x00000001                ASSERT (((_vector_spacing == 0x0) || (SIZEOF (.vector_28) <= (_vector_spacing << 0x5))), function at exception vector 28 too large)

.vector_29      0x9fc015a0        0x8
 *(.vector_29)
 .vector_29     0x9fc015a0        0x8 c:/microchip/xc32/v1.31/bin/../lib/gcc/pic32mx/4.5.2/../../../../pic32mx/lib\libpic32.a(vector29.o)
                0x9fc015a0                __vector_dispatch_29
                0x00000001                ASSERT (((_vector_spacing == 0x0) || (SIZEOF (.vector_29) <= (_vector_spacing << 0x5))), function at exception vector 29 too large)

.vector_30      0x9fc015c0        0x8
 *(.vector_30)
 .vector_30     0x9fc015c0        0x8 c:/microchip/xc32/v1.31/bin/../lib/gcc/pic32mx/4.5.2/../../../../pic32mx/lib\libpic32.a(vector30.o)
                0x9fc015c0                __vector_dispatch_30
                0x00000001                ASSERT (((_vector_spacing == 0x0) || (SIZEOF (.vector_30) <= (_vector_spacing << 0x5))), function at exception vector 30 too large)

.vector_31      0x9fc015e0        0x8
 *(.vector_31)
 .vector_31     0x9fc015e0        0x8 c:/microchip/xc32/v1.31/bin/../lib/gcc/pic32mx/4.5.2/../../../../pic32mx/lib\libpic32.a(vector31.o)
                0x9fc015e0                __vector_dispatch_31
                0x00000001                ASSERT (((_vector_spacing == 0x0) || (SIZEOF (.vector_31) <= (_vector_spacing << 0x5))), function at exception vector 31 too large)

.vector_32      0x9fc01600        0x8
 *(.vector_32)
 .vector_32     0x9fc01600        0x8 build/default/debug/src/app/system_config/pic32_mx/system_interrupt.o
                0x9fc01600                __vector_dispatch_32
                0x00000001                ASSERT (((_vector_spacing == 0x0) || (SIZEOF (.vector_32) <= (_vector_spacing << 0x5))), function at exception vector 32 too large)

.vector_33      0x9fc01620        0x8
 *(.vector_33)
 .vector_33     0x9fc01620        0x8 c:/microchip/xc32/v1.31/bin/../lib/gcc/pic32mx/4.5.2/../../../../pic32mx/lib\libpic32.a(vector33.o)
                0x9fc01620                __vector_dispatch_33
                0x00000001                ASSERT (((_vector_spacing == 0x0) || (SIZEOF (.vector_33) <= (_vector_spacing << 0x5))), function at exception vector 33 too large)

.vector_34      0x9fc01640        0x8
 *(.vector_34)
 .vector_34     0x9fc01640        0x8 c:/microchip/xc32/v1.31/bin/../lib/gcc/pic32mx/4.5.2/../../../../pic32mx/lib\libpic32.a(vector34.o)
                0x9fc01640                __vector_dispatch_34
                0x00000001                ASSERT (((_vector_spacing == 0x0) || (SIZEOF (.vector_34) <= (_vector_spacing << 0x5))), function at exception vector 34 too large)

.vector_35      0x9fc01660        0x8
 *(.vector_35)
 .vector_35     0x9fc01660        0x8 c:/microchip/xc32/v1.31/bin/../lib/gcc/pic32mx/4.5.2/../../../../pic32mx/lib\libpic32.a(vector35.o)
                0x9fc01660                __vector_dispatch_35
                0x00000001                ASSERT (((_vector_spacing == 0x0) || (SIZEOF (.vector_35) <= (_vector_spacing << 0x5))), function at exception vector 35 too large)

.vector_36      0x9fc01680        0x8
 *(.vector_36)
 .vector_36     0x9fc01680        0x8 c:/microchip/xc32/v1.31/bin/../lib/gcc/pic32mx/4.5.2/../../../../pic32mx/lib\libpic32.a(vector36.o)
                0x9fc01680                __vector_dispatch_36
                0x00000001                ASSERT (((_vector_spacing == 0x0) || (SIZEOF (.vector_36) <= (_vector_spacing << 0x5))), function at exception vector 36 too large)

.vector_37      0x9fc016a0        0x8
 *(.vector_37)
 .vector_37     0x9fc016a0        0x8 c:/microchip/xc32/v1.31/bin/../lib/gcc/pic32mx/4.5.2/../../../../pic32mx/lib\libpic32.a(vector37.o)
                0x9fc016a0                __vector_dispatch_37
                0x00000001                ASSERT (((_vector_spacing == 0x0) || (SIZEOF (.vector_37) <= (_vector_spacing << 0x5))), function at exception vector 37 too large)

.vector_38      0x9fc016c0        0x8
 *(.vector_38)
 .vector_38     0x9fc016c0        0x8 c:/microchip/xc32/v1.31/bin/../lib/gcc/pic32mx/4.5.2/../../../../pic32mx/lib\libpic32.a(vector38.o)
                0x9fc016c0                __vector_dispatch_38
                0x00000001                ASSERT (((_vector_spacing == 0x0) || (SIZEOF (.vector_38) <= (_vector_spacing << 0x5))), function at exception vector 38 too large)

.vector_39      0x9fc016e0        0x8
 *(.vector_39)
 .vector_39     0x9fc016e0        0x8 c:/microchip/xc32/v1.31/bin/../lib/gcc/pic32mx/4.5.2/../../../../pic32mx/lib\libpic32.a(vector39.o)
                0x9fc016e0                __vector_dispatch_39
                0x00000001                ASSERT (((_vector_spacing == 0x0) || (SIZEOF (.vector_39) <= (_vector_spacing << 0x5))), function at exception vector 39 too large)

.vector_40      0x9fc01700        0x8
 *(.vector_40)
 .vector_40     0x9fc01700        0x8 c:/microchip/xc32/v1.31/bin/../lib/gcc/pic32mx/4.5.2/../../../../pic32mx/lib\libpic32.a(vector40.o)
                0x9fc01700                __vector_dispatch_40
                0x00000001                ASSERT (((_vector_spacing == 0x0) || (SIZEOF (.vector_40) <= (_vector_spacing << 0x5))), function at exception vector 40 too large)

.vector_41      0x9fc01720        0x8
 *(.vector_41)
 .vector_41     0x9fc01720        0x8 c:/microchip/xc32/v1.31/bin/../lib/gcc/pic32mx/4.5.2/../../../../pic32mx/lib\libpic32.a(vector41.o)
                0x9fc01720                __vector_dispatch_41
                0x00000001                ASSERT (((_vector_spacing == 0x0) || (SIZEOF (.vector_41) <= (_vector_spacing << 0x5))), function at exception vector 41 too large)

.vector_42      0x9fc01740        0x8
 *(.vector_42)
 .vector_42     0x9fc01740        0x8 c:/microchip/xc32/v1.31/bin/../lib/gcc/pic32mx/4.5.2/../../../../pic32mx/lib\libpic32.a(vector42.o)
                0x9fc01740                __vector_dispatch_42
                0x00000001                ASSERT (((_vector_spacing == 0x0) || (SIZEOF (.vector_42) <= (_vector_spacing << 0x5))), function at exception vector 42 too large)

.vector_43      0x9fc01760        0x8
 *(.vector_43)
 .vector_43     0x9fc01760        0x8 c:/microchip/xc32/v1.31/bin/../lib/gcc/pic32mx/4.5.2/../../../../pic32mx/lib\libpic32.a(vector43.o)
                0x9fc01760                __vector_dispatch_43
                0x00000001                ASSERT (((_vector_spacing == 0x0) || (SIZEOF (.vector_43) <= (_vector_spacing << 0x5))), function at exception vector 43 too large)

.vector_44      0x9fc01780        0x8
 *(.vector_44)
 .vector_44     0x9fc01780        0x8 c:/microchip/xc32/v1.31/bin/../lib/gcc/pic32mx/4.5.2/../../../../pic32mx/lib\libpic32.a(vector44.o)
                0x9fc01780                __vector_dispatch_44
                0x00000001                ASSERT (((_vector_spacing == 0x0) || (SIZEOF (.vector_44) <= (_vector_spacing << 0x5))), function at exception vector 44 too large)

.vector_45      0x9fc017a0        0x8
 *(.vector_45)
 .vector_45     0x9fc017a0        0x8 c:/microchip/xc32/v1.31/bin/../lib/gcc/pic32mx/4.5.2/../../../../pic32mx/lib\libpic32.a(vector45.o)
                0x9fc017a0                __vector_dispatch_45
                0x00000001                ASSERT (((_vector_spacing == 0x0) || (SIZEOF (.vector_45) <= (_vector_spacing << 0x5))), function at exception vector 45 too large)

.vector_46      0x9fc017c0        0x8
 *(.vector_46)
 .vector_46     0x9fc017c0        0x8 c:/microchip/xc32/v1.31/bin/../lib/gcc/pic32mx/4.5.2/../../../../pic32mx/lib\libpic32.a(vector46.o)
                0x9fc017c0                __vector_dispatch_46
                0x00000001                ASSERT (((_vector_spacing == 0x0) || (SIZEOF (.vector_46) <= (_vector_spacing << 0x5))), function at exception vector 46 too large)

.vector_47      0x9fc017e0        0x8
 *(.vector_47)
 .vector_47     0x9fc017e0        0x8 c:/microchip/xc32/v1.31/bin/../lib/gcc/pic32mx/4.5.2/../../../../pic32mx/lib\libpic32.a(vector47.o)
                0x9fc017e0                __vector_dispatch_47
                0x00000001                ASSERT (((_vector_spacing == 0x0) || (SIZEOF (.vector_47) <= (_vector_spacing << 0x5))), function at exception vector 47 too large)

.vector_48      0x9fc01800        0x8
 *(.vector_48)
 .vector_48     0x9fc01800        0x8 c:/microchip/xc32/v1.31/bin/../lib/gcc/pic32mx/4.5.2/../../../../pic32mx/lib\libpic32.a(vector48.o)
                0x9fc01800                __vector_dispatch_48
                0x00000001                ASSERT (((_vector_spacing == 0x0) || (SIZEOF (.vector_48) <= (_vector_spacing << 0x5))), function at exception vector 48 too large)

.vector_49      0x9fc01820        0x8
 *(.vector_49)
 .vector_49     0x9fc01820        0x8 c:/microchip/xc32/v1.31/bin/../lib/gcc/pic32mx/4.5.2/../../../../pic32mx/lib\libpic32.a(vector49.o)
                0x9fc01820                __vector_dispatch_49
                0x00000001                ASSERT (((_vector_spacing == 0x0) || (SIZEOF (.vector_49) <= (_vector_spacing << 0x5))), function at exception vector 49 too large)

.vector_50      0x9fc01840        0x8
 *(.vector_50)
 .vector_50     0x9fc01840        0x8 c:/microchip/xc32/v1.31/bin/../lib/gcc/pic32mx/4.5.2/../../../../pic32mx/lib\libpic32.a(vector50.o)
                0x9fc01840                __vector_dispatch_50
                0x00000001                ASSERT (((_vector_spacing == 0x0) || (SIZEOF (.vector_50) <= (_vector_spacing << 0x5))), function at exception vector 50 too large)

.vector_51      0x9fc01860        0x8
 *(.vector_51)
 .vector_51     0x9fc01860        0x8 c:/microchip/xc32/v1.31/bin/../lib/gcc/pic32mx/4.5.2/../../../../pic32mx/lib\libpic32.a(vector51.o)
                0x9fc01860                __vector_dispatch_51
                0x00000001                ASSERT (((_vector_spacing == 0x0) || (SIZEOF (.vector_51) <= (_vector_spacing << 0x5))), function at exception vector 51 too large)

.vector_52      0x9fc01880        0x8
 *(.vector_52)
 .vector_52     0x9fc01880        0x8 c:/microchip/xc32/v1.31/bin/../lib/gcc/pic32mx/4.5.2/../../../../pic32mx/lib\libpic32.a(vector52.o)
                0x9fc01880                __vector_dispatch_52
                0x00000001                ASSERT (((_vector_spacing == 0x0) || (SIZEOF (.vector_52) <= (_vector_spacing << 0x5))), function at exception vector 52 too large)

.vector_53      0x9fc018a0        0x8
 *(.vector_53)
 .vector_53     0x9fc018a0        0x8 c:/microchip/xc32/v1.31/bin/../lib/gcc/pic32mx/4.5.2/../../../../pic32mx/lib\libpic32.a(vector53.o)
                0x9fc018a0                __vector_dispatch_53
                0x00000001                ASSERT (((_vector_spacing == 0x0) || (SIZEOF (.vector_53) <= (_vector_spacing << 0x5))), function at exception vector 53 too large)

.vector_54      0x9fc018c0        0x8
 *(.vector_54)
 .vector_54     0x9fc018c0        0x8 c:/microchip/xc32/v1.31/bin/../lib/gcc/pic32mx/4.5.2/../../../../pic32mx/lib\libpic32.a(vector54.o)
                0x9fc018c0                __vector_dispatch_54
                0x00000001                ASSERT (((_vector_spacing == 0x0) || (SIZEOF (.vector_54) <= (_vector_spacing << 0x5))), function at exception vector 54 too large)

.vector_55      0x9fc018e0        0x8
 *(.vector_55)
 .vector_55     0x9fc018e0        0x8 c:/microchip/xc32/v1.31/bin/../lib/gcc/pic32mx/4.5.2/../../../../pic32mx/lib\libpic32.a(vector55.o)
                0x9fc018e0                __vector_dispatch_55
                0x00000001                ASSERT (((_vector_spacing == 0x0) || (SIZEOF (.vector_55) <= (_vector_spacing << 0x5))), function at exception vector 55 too large)

.vector_56      0x9fc01900        0x8
 *(.vector_56)
 .vector_56     0x9fc01900        0x8 c:/microchip/xc32/v1.31/bin/../lib/gcc/pic32mx/4.5.2/../../../../pic32mx/lib\libpic32.a(vector56.o)
                0x9fc01900                __vector_dispatch_56
                0x00000001                ASSERT (((_vector_spacing == 0x0) || (SIZEOF (.vector_56) <= (_vector_spacing << 0x5))), function at exception vector 56 too large)

.vector_57      0x9fc01920        0x8
 *(.vector_57)
 .vector_57     0x9fc01920        0x8 c:/microchip/xc32/v1.31/bin/../lib/gcc/pic32mx/4.5.2/../../../../pic32mx/lib\libpic32.a(vector57.o)
                0x9fc01920                __vector_dispatch_57
                0x00000001                ASSERT (((_vector_spacing == 0x0) || (SIZEOF (.vector_57) <= (_vector_spacing << 0x5))), function at exception vector 57 too large)

.vector_58      0x9fc01940        0x8
 *(.vector_58)
 .vector_58     0x9fc01940        0x8 c:/microchip/xc32/v1.31/bin/../lib/gcc/pic32mx/4.5.2/../../../../pic32mx/lib\libpic32.a(vector58.o)
                0x9fc01940                __vector_dispatch_58
                0x00000001                ASSERT (((_vector_spacing == 0x0) || (SIZEOF (.vector_58) <= (_vector_spacing << 0x5))), function at exception vector 58 too large)

.vector_59      0x9fc01960        0x8
 *(.vector_59)
 .vector_59     0x9fc01960        0x8 c:/microchip/xc32/v1.31/bin/../lib/gcc/pic32mx/4.5.2/../../../../pic32mx/lib\libpic32.a(vector59.o)
                0x9fc01960                __vector_dispatch_59
                0x00000001                ASSERT (((_vector_spacing == 0x0) || (SIZEOF (.vector_59) <= (_vector_spacing << 0x5))), function at exception vector 59 too large)

.vector_60      0x9fc01980        0x8
 *(.vector_60)
 .vector_60     0x9fc01980        0x8 c:/microchip/xc32/v1.31/bin/../lib/gcc/pic32mx/4.5.2/../../../../pic32mx/lib\libpic32.a(vector60.o)
                0x9fc01980                __vector_dispatch_60
                0x00000001                ASSERT (((_vector_spacing == 0x0) || (SIZEOF (.vector_60) <= (_vector_spacing << 0x5))), function at exception vector 60 too large)

.vector_61      0x9fc019a0        0x8
 *(.vector_61)
 .vector_61     0x9fc019a0        0x8 c:/microchip/xc32/v1.31/bin/../lib/gcc/pic32mx/4.5.2/../../../../pic32mx/lib\libpic32.a(vector61.o)
                0x9fc019a0                __vector_dispatch_61
                0x00000001                ASSERT (((_vector_spacing == 0x0) || (SIZEOF (.vector_61) <= (_vector_spacing << 0x5))), function at exception vector 61 too large)

.vector_62      0x9fc019c0        0x8
 *(.vector_62)
 .vector_62     0x9fc019c0        0x8 c:/microchip/xc32/v1.31/bin/../lib/gcc/pic32mx/4.5.2/../../../../pic32mx/lib\libpic32.a(vector62.o)
                0x9fc019c0                __vector_dispatch_62
                0x00000001                ASSERT (((_vector_spacing == 0x0) || (SIZEOF (.vector_62) <= (_vector_spacing << 0x5))), function at exception vector 62 too large)

.vector_63      0x9fc019e0        0x8
 *(.vector_63)
 .vector_63     0x9fc019e0        0x8 c:/microchip/xc32/v1.31/bin/../lib/gcc/pic32mx/4.5.2/../../../../pic32mx/lib\libpic32.a(vector63.o)
                0x9fc019e0                __vector_dispatch_63
                0x00000001                ASSERT (((_vector_spacing == 0x0) || (SIZEOF (.vector_63) <= (_vector_spacing << 0x5))), function at exception vector 63 too large)

.startup
 *(.startup)

.text           0x9d000000        0x0
 *(.stub .gnu.linkonce.t.*)
 *(.text.*personality*)
 *(.mips16.fn.*)
 *(.mips16.call.*)
 *(.gnu.warning)
                0x9d000000                . = ALIGN (0x4)

.init           0x9d000000        0x0
 *crti.o(.init)
 *crtbegin.o(.init)
 *(EXCLUDE_FILE(*crtn.o *crtend?.o *crtend.o) .init)
 *crtend.o(.init)
 *crtn.o(.init)
                0x9d000000                . = ALIGN (0x4)

.fini           0x9d000000        0x0
 *(.fini)
                0x9d000000                . = ALIGN (0x4)

.preinit_array  0x9d000000        0x0
                0x9d000000                PROVIDE (__preinit_array_start, .)
 *(.preinit_array)
                0x9d000000                PROVIDE (__preinit_array_end, .)
                0x9d000000                . = ALIGN (0x4)

.init_array     0x9d000000        0x0
                0x9d000000                PROVIDE (__init_array_start, .)
 *(SORT(.init_array.*))
 *(.init_array)
                0x9d000000                PROVIDE (__init_array_end, .)
                0x9d000000                . = ALIGN (0x4)

.fini_array     0x9d000000        0x0
                0x9d000000                PROVIDE (__fini_array_start, .)
 *(SORT(.fini_array.*))
 *(.fini_array)
                0x9d000000                PROVIDE (__fini_array_end, .)
                0x9d000000                . = ALIGN (0x4)

.ctors          0x9d000000        0x0
 *crtbegin.o(.ctors)
 *crtbegin?.o(.ctors)
 *(EXCLUDE_FILE(*crtend?.o *crtend.o) .ctors)
 *(SORT(.ctors.*))
 *(.ctors)
                0x9d000000                . = ALIGN (0x4)

.dtors          0x9d000000        0x0
 *crtbegin.o(.dtors)
 *crtbegin?.o(.dtors)
 *(EXCLUDE_FILE(*crtend?.o *crtend.o) .dtors)
 *(SORT(.dtors.*))
 *(.dtors)
                0x9d000000                . = ALIGN (0x4)

.rodata         0x9d000000        0x0
 *(.gnu.linkonce.r.*)
 *(.rodata1)
                0x9d000000                . = ALIGN (0x4)

.sdata2         0x9fc00490        0x0
 *(.sdata2 .sdata2.* .gnu.linkonce.s2.*)
                0x9fc00490                . = ALIGN (0x4)

.sbss2          0x9fc00490        0x0
 *(.sbss2 .sbss2.* .gnu.linkonce.sb2.*)
                0x9fc00490                . = ALIGN (0x4)

.eh_frame_hdr
 *(.eh_frame_hdr)
                0x9fc00490                . = ALIGN (0x4)

.eh_frame
 *(.eh_frame)
                0x9fc00490                . = ALIGN (0x4)

.gcc_except_table
 *(.gcc_except_table .gcc_except_table.*)
                0x9fc00490                . = ALIGN (0x4)

.dbg_data       0xa0000000      0x200
                0xa0000000                . = (. + DEFINED (_DEBUGGER)?0x200:0x0)
 *fill*         0xa0000000      0x200 

.jcr            0xa0000200        0x0
 *(.jcr)
                0xa0000200                . = ALIGN (0x4)

.eh_frame
 *(.eh_frame)
                0xa0000200                . = ALIGN (0x4)

.gcc_except_table
 *(.gcc_except_table .gcc_except_table.*)
                0xa0000200                . = ALIGN (0x4)

.persist        0xa0000200        0x0
                0xa0000200                _persist_begin = .
 *(.persist .persist.*)
 *(.pbss .pbss.*)
                0xa0000200                . = ALIGN (0x4)
                0xa0000200                _persist_end = .

.data           0xa0000200        0x0
 *(.gnu.linkonce.d.*)
 *(.data1)
                0xa0000200                . = ALIGN (0x4)
                0xa0000200                . = .
                0xa00081f0                _gp = (ALIGN (0x10) + 0x7ff0)

.got            0xa0000200        0x0
 *(.got.plt)
 *(.got)
                0xa0000200                . = ALIGN (0x4)

.sdata          0xa0000200       0x50
                0xa0000200                _sdata_begin = .
 *(.sdata .sdata.* .gnu.linkonce.s.*)
 .sdata         0xa0000200        0x8 build/default/debug/src/app/app_tasks/g_code.o
                0xa0000200                inverseFeedRate
                0xa0000204                decimal_place
 .sdata         0xa0000208        0x4 build/default/debug/src/app/app.o
 .sdata         0xa000020c       0x44 build/default/debug/src/bsp/cnc_rev_00/bsp_sys_init.o
                0xa000020c                zLimitInt
                0xa0000214                xyLimitInt
                0xa000021c                xLimitInput
                0xa0000224                yLimitInput
                0xa000022c                spindleEna
                0xa0000234                spindleVcc
                0xa000023c                spindleTach
                0xa0000244                levelShifterEnable
                0xa000024c                spindleSpdPWM
                0xa0000250                . = ALIGN (0x4)
                0xa0000250                _sdata_end = .

.lit8
 *(.lit8)

.lit4
 *(.lit4)
                0xa0000250                . = ALIGN (0x4)
                0xa0000250                _data_end = .
                0xa0000250                _bss_begin = .

.sbss           0xa0000250       0x88
                0xa0000250                _sbss_begin = .
 *(.dynsbss)
 *(.sbss .sbss.* .gnu.linkonce.sb.*)
 .sbss          0xa0000250        0x3 build/default/debug/src/app/app_tasks/program_planner.o
 *fill*         0xa0000253        0x1 
 .sbss          0xa0000254        0xc build/default/debug/src/app/app_tasks/g_code.o
                0xa0000254                modalGroupWords
                0xa0000258                axisWords
                0xa000025c                absoluteOverride
                0xa000025d                nonModalAction
 .sbss          0xa0000260        0x4 build/default/debug/src/app/app_tasks/dee_emulation_pic32.o
                0xa0000260                lowerAddress
 .sbss          0xa0000264        0x8 build/default/debug/src/app/app_tasks/stepper.o
 .sbss          0xa000026c        0x8 build/default/debug/src/app/system_config/pic32_mx/system_interrupt.o
                0xa000026c                uart_rd
                0xa0000270                current_block
 *fill*         0xa0000274        0x4 
 .sbss          0xa0000278       0x30 build/default/debug/src/app/app.o
                0xa0000278                instructionCount
                0xa000027c                rx_Fifo_Head
                0xa0000280                rx_Fifo_Tail
                0xa0000288                steps_X
                0xa0000290                steps_Y
                0xa0000298                steps_Z
                0xa00002a0                xLimitDetected
                0xa00002a1                yLimitDetected
                0xa00002a2                zLimitDetected
 .sbss          0xa00002a8        0x4 c:/microchip/xc32/v1.31/bin/../lib/gcc/pic32mx/4.5.2/../../../../pic32mx/lib\libpic32.a(errno.o)
                0xa00002a8                errno
 *(.scommon)
 .scommon       0xa00002ac       0x18 build/default/debug/src/app/app_tasks/g_code.o
                0xa00002ac                intValue
                0xa00002b0                float_value
                0xa00002b8                command
                0xa00002c0                inputType
 .scommon       0xa00002c4        0x4 build/default/debug/src/app/app_tasks/dee_emulation_pic32.o
                0xa00002c4                dataEEFlags
 .scommon       0xa00002c8        0x8 build/default/debug/src/app/app.o
                0xa00002c8                timer_counter
                0xa00002cc                appObject
 .scommon       0xa00002d0        0x8 build/default/debug/src/bsp/cnc_rev_00/bsp_sys_init.o
                0xa00002d0                temp
                0xa00002d4                milliSecondCount
                0xa00002d8                _sbss_end = .
                0xa00002d8                . = ALIGN (0x4)

.bss            0xa00002d8     0x159c
 *(.dynbss)
 *(COMMON)
 COMMON         0xa00002d8       0xe4 build/default/debug/src/app/app_tasks/g_code.o
                0xa00002d8                gcode
                0xa0000310                value_cmd
                0xa0000330                offset
                0xa000033c                target
 COMMON         0xa00003bc       0x40 build/default/debug/src/app/app_tasks/settings.o
                0xa00003bc                settings
 COMMON         0xa00003fc     0x1200 build/default/debug/src/app/app_tasks/eeprom.o
                0xa00003fc                pagebuff
                0xa00013fc                databuff
 COMMON         0xa00015fc       0x14 build/default/debug/src/app/main.o
                0xa00015fc                sys
 COMMON         0xa0001610      0x263 build/default/debug/src/app/app.o
                0xa0001610                instruction
                0xa0001710                rx_Fifo
                0xa0001774                newLine
                0xa0001874                . = ALIGN ((. != 0x0)?0x4:0x1)
 *fill*         0xa0001873        0x1 
                0xa0001874                . = ALIGN (0x4)
                0xa0001874                _end = .
                0xa0001874                _bss_end = .
                0x00020000                _bmxdudba_address = 0x20000
                0x00020000                _bmxdupba_address = 0x20000

/DISCARD/
 *(.pdr)
 *(.rel.dyn)
 *(.note.GNU-stack)
 *(.note.GNU-stack)
 *(.gnu_debuglink)
 *(.gnu.lto_*)
 *(.discard)

.gptab.sdata
 *(.gptab.data)
 *(.gptab.sdata)

.gptab.sbss
 *(.gptab.bss)
 *(.gptab.sbss)

.mdebug.abi32   0xa0001874        0x0
 *(.mdebug.abi32)
 .mdebug.abi32  0xa0001874        0x0 build/default/debug/src/app/app_tasks/program_planner.o
 .mdebug.abi32  0xa0001874        0x0 build/default/debug/src/app/app_tasks/g_code.o
 .mdebug.abi32  0xa0001874        0x0 build/default/debug/src/app/app_tasks/motion.o
 .mdebug.abi32  0xa0001874        0x0 build/default/debug/src/app/app_tasks/nuts_bolts.o
 .mdebug.abi32  0xa0001874        0x0 build/default/debug/src/app/app_tasks/settings.o
 .mdebug.abi32  0xa0001874        0x0 build/default/debug/src/app/app_tasks/eeprom.o
 .mdebug.abi32  0xa0001874        0x0 build/default/debug/src/app/app_tasks/dee_emulation_pic32.o
 .mdebug.abi32  0xa0001874        0x0 build/default/debug/src/app/app_tasks/report.o
 .mdebug.abi32  0xa0001874        0x0 build/default/debug/src/app/app_tasks/stepper.o
 .mdebug.abi32  0xa0001874        0x0 build/default/debug/src/app/system_config/pic32_mx/system_init.o
 .mdebug.abi32  0xa0001874        0x0 build/default/debug/src/app/system_config/pic32_mx/system_interrupt.o
 .mdebug.abi32  0xa0001874        0x0 build/default/debug/src/app/system_config/pic32_mx/system_task.o
 .mdebug.abi32  0xa0001874        0x0 build/default/debug/src/app/main.o
 .mdebug.abi32  0xa0001874        0x0 build/default/debug/src/app/app.o
 .mdebug.abi32  0xa0001874        0x0 build/default/debug/src/bsp/cnc_rev_00/bsp_sys_init.o
 .mdebug.abi32  0xa0001874        0x0 ..\..\..\..\..\..\microchip\xc32\v1.31\pic32mx\lib\libmchp_peripheral_32MX795F512L.a(open_core_timer_lib.o)
 .mdebug.abi32  0xa0001874        0x0 ..\..\..\..\..\..\microchip\xc32\v1.31\pic32mx\lib\libmchp_peripheral_32MX795F512L.a(update_core_timer_lib.o)
 .mdebug.abi32  0xa0001874        0x0 ..\..\..\..\..\..\microchip\xc32\v1.31\pic32mx\lib\libmchp_peripheral_32MX795F512L.a(pcache.o)
 .mdebug.abi32  0xa0001874        0x0 ..\..\..\..\..\..\microchip\xc32\v1.31\pic32mx\lib\libmchp_peripheral_32MX795F512L.a(int_configure_system_lib.o)
 .mdebug.abi32  0xa0001874        0x0 ..\..\..\..\..\..\microchip\xc32\v1.31\pic32mx\lib\libmchp_peripheral_32MX795F512L.a(int_enable_interrupts_lib.o)
 .mdebug.abi32  0xa0001874        0x0 ..\..\..\..\..\..\microchip\xc32\v1.31\pic32mx\lib\libmchp_peripheral_32MX795F512L.a(int_disable_interrupts_lib.o)
 .mdebug.abi32  0xa0001874        0x0 ..\..\..\..\..\..\microchip\xc32\v1.31\pic32mx\lib\libmchp_peripheral_32MX795F512L.a(int_restore_interrupts_lib.o)
 .mdebug.abi32  0xa0001874        0x0 ..\..\..\..\..\..\microchip\xc32\v1.31\pic32mx\lib\libmchp_peripheral_32MX795F512L.a(int_tbl_lib.o)
 .mdebug.abi32  0xa0001874        0x0 ..\..\..\..\..\..\microchip\xc32\v1.31\pic32mx\lib\libmchp_peripheral_32MX795F512L.a(nvm_erase_page_lib.o)
 .mdebug.abi32  0xa0001874        0x0 ..\..\..\..\..\..\microchip\xc32\v1.31\pic32mx\lib\libmchp_peripheral_32MX795F512L.a(nvm_operation_lib.o)
 .mdebug.abi32  0xa0001874        0x0 ..\..\..\..\..\..\microchip\xc32\v1.31\pic32mx\lib\libmchp_peripheral_32MX795F512L.a(nvm_write_word_lib.o)
 .mdebug.abi32  0xa0001874        0x0 ..\..\..\..\..\..\microchip\xc32\v1.31\pic32mx\lib\libmchp_peripheral_32MX795F512L.a(port_set_pins_digital_in_lib.o)
 .mdebug.abi32  0xa0001874        0x0 ..\..\..\..\..\..\microchip\xc32\v1.31\pic32mx\lib\libmchp_peripheral_32MX795F512L.a(port_set_pins_digital_out_lib.o)
 .mdebug.abi32  0xa0001874        0x0 ..\..\..\..\..\..\microchip\xc32\v1.31\pic32mx\lib\libmchp_peripheral_32MX795F512L.a(port_read_bits_lib.o)
 .mdebug.abi32  0xa0001874        0x0 ..\..\..\..\..\..\microchip\xc32\v1.31\pic32mx\lib\libmchp_peripheral_32MX795F512L.a(port_clear_bits_lib.o)
 .mdebug.abi32  0xa0001874        0x0 ..\..\..\..\..\..\microchip\xc32\v1.31\pic32mx\lib\libmchp_peripheral_32MX795F512L.a(port_set_bits_lib.o)
 .mdebug.abi32  0xa0001874        0x0 ..\..\..\..\..\..\microchip\xc32\v1.31\pic32mx\lib\libmchp_peripheral_32MX795F512L.a(_ports_tbl_libp.o)
 .mdebug.abi32  0xa0001874        0x0 ..\..\..\..\..\..\microchip\xc32\v1.31\pic32mx\lib\libmchp_peripheral_32MX795F512L.a(uart_lib.o)
 .mdebug.abi32  0xa0001874        0x0 c:/microchip/xc32/v1.31/bin/../lib/gcc/pic32mx/4.5.2\libgcc.a(floatunsisf.o)
 .mdebug.abi32  0xa0001874        0x0 c:/microchip/xc32/v1.31/bin/../lib/gcc/pic32mx/4.5.2/../../../../pic32mx/lib\libpic32.a(default-bootstrap-exception-handler.o)
 .mdebug.abi32  0xa0001874        0x0 c:/microchip/xc32/v1.31/bin/../lib/gcc/pic32mx/4.5.2/../../../../pic32mx/lib\libpic32.a(default-on-reset.o)
 .mdebug.abi32  0xa0001874        0x0 c:/microchip/xc32/v1.31/bin/../lib/gcc/pic32mx/4.5.2/../../../../pic32mx/lib\libpic32.a(default-on-bootstrap.o)
 .mdebug.abi32  0xa0001874        0x0 c:/microchip/xc32/v1.31/bin/../lib/gcc/pic32mx/4.5.2/../../../../pic32mx/lib\libpic32.a(default-general-exception-handler.o)
 .mdebug.abi32  0xa0001874        0x0 c:/microchip/xc32/v1.31/bin/../lib/gcc/pic32mx/4.5.2/../../../../pic32mx/lib\libpic32.a(defaultinterrupt.o)
 .mdebug.abi32  0xa0001874        0x0 c:/microchip/xc32/v1.31/bin/../lib/gcc/pic32mx/4.5.2/../../../../pic32mx/lib\libm.a(w_atan2f.o)
 .mdebug.abi32  0xa0001874        0x0 c:/microchip/xc32/v1.31/bin/../lib/gcc/pic32mx/4.5.2/../../../../pic32mx/lib\libm.a(w_sqrtf.o)
 .mdebug.abi32  0xa0001874        0x0 c:/microchip/xc32/v1.31/bin/../lib/gcc/pic32mx/4.5.2/../../../../pic32mx/lib\libm.a(s_lib_ver.o)
 .mdebug.abi32  0xa0001874        0x0 c:/microchip/xc32/v1.31/bin/../lib/gcc/pic32mx/4.5.2/../../../../pic32mx/lib\libm.a(cabs.o)
 .mdebug.abi32  0xa0001874        0x0 c:/microchip/xc32/v1.31/bin/../lib/gcc/pic32mx/4.5.2/../../../../pic32mx/lib\libm.a(support.o)
 .mdebug.abi32  0xa0001874        0x0 c:/microchip/xc32/v1.31/bin/../lib/gcc/pic32mx/4.5.2/../../../../pic32mx/lib\libm.a(w_ldexp.o)
 .mdebug.abi32  0xa0001874        0x0 c:/microchip/xc32/v1.31/bin/../lib/gcc/pic32mx/4.5.2/../../../../pic32mx/lib\libm.a(w_sqrt.o)
 .mdebug.abi32  0xa0001874        0x0 c:/microchip/xc32/v1.31/bin/../lib/gcc/pic32mx/4.5.2/../../../../pic32mx/lib\libpic32.a(errno.o)
 .mdebug.abi32  0xa0001874        0x0 c:/microchip/xc32/v1.31/bin/../lib/gcc/pic32mx/4.5.2/../../../../pic32mx/lib\libpic32.a(isinf.o)
 .mdebug.abi32  0xa0001874        0x0 c:/microchip/xc32/v1.31/bin/../lib/gcc/pic32mx/4.5.2/../../../../pic32mx/lib\libc.a(itoa.o)
 .mdebug.abi32  0xa0001874        0x0 c:/microchip/xc32/v1.31/bin/../lib/gcc/pic32mx/4.5.2/../../../../pic32mx/lib\libe.a(_unorddf2.o)
 .mdebug.abi32  0xa0001874        0x0 c:/microchip/xc32/v1.31/bin/../lib/gcc/pic32mx/4.5.2/../../../../pic32mx/lib\software-debug-break.o

.mdebug.abiN32
 *(.mdebug.abiN32)

.mdebug.abi64
 *(.mdebug.abi64)

.mdebug.abiO64
 *(.mdebug.abiO64)

.mdebug.eabi32
 *(.mdebug.eabi32)

.mdebug.eabi64
 *(.mdebug.eabi64)

.gcc_compiled_long32
 *(.gcc_compiled_long32)

.gcc_compiled_long64
 *(.gcc_compiled_long64)

.stab
 *(.stab)

.stabstr
 *(.stabstr)

.stab.excl
 *(.stab.excl)

.stab.exclstr
 *(.stab.exclstr)

.stab.index
 *(.stab.index)

.stab.indexstr
 *(.stab.indexstr)

.comment        0x00000000      0x11a
 *(.comment)
 .comment       0x00000000       0x3c build/default/debug/src/app/app_tasks/program_planner.o
                                 0x3d (size before relaxing)
 .comment       0x00000000       0x3d build/default/debug/src/app/app_tasks/g_code.o
 .comment       0x00000000       0x3d build/default/debug/src/app/app_tasks/motion.o
 .comment       0x00000000       0x3d build/default/debug/src/app/app_tasks/nuts_bolts.o
 .comment       0x00000000       0x3d build/default/debug/src/app/app_tasks/settings.o
 .comment       0x00000000       0x3d build/default/debug/src/app/app_tasks/eeprom.o
 .comment       0x00000000       0x3d build/default/debug/src/app/app_tasks/dee_emulation_pic32.o
 .comment       0x00000000       0x3d build/default/debug/src/app/app_tasks/report.o
 .comment       0x00000000       0x3d build/default/debug/src/app/app_tasks/stepper.o
 .comment       0x00000000       0x3d build/default/debug/src/app/system_config/pic32_mx/system_init.o
 .comment       0x00000000       0x3d build/default/debug/src/app/system_config/pic32_mx/system_interrupt.o
 .comment       0x00000000       0x3d build/default/debug/src/app/system_config/pic32_mx/system_task.o
 .comment       0x00000000       0x3d build/default/debug/src/app/main.o
 .comment       0x00000000       0x3d build/default/debug/src/app/app.o
 .comment       0x00000000       0x3d build/default/debug/src/bsp/cnc_rev_00/bsp_sys_init.o
 .comment       0x0000003c       0x3c ..\..\..\..\..\..\microchip\xc32\v1.31\pic32mx\lib\libmchp_peripheral_32MX795F512L.a(open_core_timer_lib.o)
                                 0x3d (size before relaxing)
 .comment       0x00000000       0x3d ..\..\..\..\..\..\microchip\xc32\v1.31\pic32mx\lib\libmchp_peripheral_32MX795F512L.a(update_core_timer_lib.o)
 .comment       0x00000000       0x3d ..\..\..\..\..\..\microchip\xc32\v1.31\pic32mx\lib\libmchp_peripheral_32MX795F512L.a(pcache.o)
 .comment       0x00000000       0x3d ..\..\..\..\..\..\microchip\xc32\v1.31\pic32mx\lib\libmchp_peripheral_32MX795F512L.a(int_configure_system_lib.o)
 .comment       0x00000000       0x3d ..\..\..\..\..\..\microchip\xc32\v1.31\pic32mx\lib\libmchp_peripheral_32MX795F512L.a(int_enable_interrupts_lib.o)
 .comment       0x00000000       0x3d ..\..\..\..\..\..\microchip\xc32\v1.31\pic32mx\lib\libmchp_peripheral_32MX795F512L.a(int_disable_interrupts_lib.o)
 .comment       0x00000000       0x3d ..\..\..\..\..\..\microchip\xc32\v1.31\pic32mx\lib\libmchp_peripheral_32MX795F512L.a(int_restore_interrupts_lib.o)
 .comment       0x00000000       0x3d ..\..\..\..\..\..\microchip\xc32\v1.31\pic32mx\lib\libmchp_peripheral_32MX795F512L.a(int_tbl_lib.o)
 .comment       0x00000000       0x3d ..\..\..\..\..\..\microchip\xc32\v1.31\pic32mx\lib\libmchp_peripheral_32MX795F512L.a(nvm_erase_page_lib.o)
 .comment       0x00000000       0x3d ..\..\..\..\..\..\microchip\xc32\v1.31\pic32mx\lib\libmchp_peripheral_32MX795F512L.a(nvm_operation_lib.o)
 .comment       0x00000000       0x3d ..\..\..\..\..\..\microchip\xc32\v1.31\pic32mx\lib\libmchp_peripheral_32MX795F512L.a(nvm_write_word_lib.o)
 .comment       0x00000000       0x3d ..\..\..\..\..\..\microchip\xc32\v1.31\pic32mx\lib\libmchp_peripheral_32MX795F512L.a(port_set_pins_digital_in_lib.o)
 .comment       0x00000000       0x3d ..\..\..\..\..\..\microchip\xc32\v1.31\pic32mx\lib\libmchp_peripheral_32MX795F512L.a(port_set_pins_digital_out_lib.o)
 .comment       0x00000000       0x3d ..\..\..\..\..\..\microchip\xc32\v1.31\pic32mx\lib\libmchp_peripheral_32MX795F512L.a(port_read_bits_lib.o)
 .comment       0x00000000       0x3d ..\..\..\..\..\..\microchip\xc32\v1.31\pic32mx\lib\libmchp_peripheral_32MX795F512L.a(port_clear_bits_lib.o)
 .comment       0x00000000       0x3d ..\..\..\..\..\..\microchip\xc32\v1.31\pic32mx\lib\libmchp_peripheral_32MX795F512L.a(port_set_bits_lib.o)
 .comment       0x00000000       0x3d ..\..\..\..\..\..\microchip\xc32\v1.31\pic32mx\lib\libmchp_peripheral_32MX795F512L.a(_ports_tbl_libp.o)
 .comment       0x00000000       0x3d ..\..\..\..\..\..\microchip\xc32\v1.31\pic32mx\lib\libmchp_peripheral_32MX795F512L.a(uart_lib.o)
 .comment       0x00000078       0x3c c:/microchip/xc32/v1.31/bin/../lib/gcc/pic32mx/4.5.2\libgcc.a(floatunsisf.o)
                                 0x3d (size before relaxing)
 .comment       0x000000b4       0x18 c:/microchip/xc32/v1.31/bin/../lib/gcc/pic32mx/4.5.2/../../../../pic32mx/lib\libpic32.a(memset.o)
                                 0x19 (size before relaxing)
 .comment       0x00000000       0x3d c:/microchip/xc32/v1.31/bin/../lib/gcc/pic32mx/4.5.2/../../../../pic32mx/lib\libpic32.a(default-bootstrap-exception-handler.o)
 .comment       0x00000000       0x3d c:/microchip/xc32/v1.31/bin/../lib/gcc/pic32mx/4.5.2/../../../../pic32mx/lib\libpic32.a(default-on-reset.o)
 .comment       0x00000000       0x3d c:/microchip/xc32/v1.31/bin/../lib/gcc/pic32mx/4.5.2/../../../../pic32mx/lib\libpic32.a(default-on-bootstrap.o)
 .comment       0x00000000       0x3d c:/microchip/xc32/v1.31/bin/../lib/gcc/pic32mx/4.5.2/../../../../pic32mx/lib\libpic32.a(default-general-exception-handler.o)
 .comment       0x00000000       0x3d c:/microchip/xc32/v1.31/bin/../lib/gcc/pic32mx/4.5.2/../../../../pic32mx/lib\libpic32.a(defaultinterrupt.o)
 .comment       0x00000000       0x3d c:/microchip/xc32/v1.31/bin/../lib/gcc/pic32mx/4.5.2/../../../../pic32mx/lib\libm.a(w_atan2f.o)
 .comment       0x00000000       0x3d c:/microchip/xc32/v1.31/bin/../lib/gcc/pic32mx/4.5.2/../../../../pic32mx/lib\libm.a(w_sqrtf.o)
 .comment       0x00000000       0x3d c:/microchip/xc32/v1.31/bin/../lib/gcc/pic32mx/4.5.2/../../../../pic32mx/lib\libm.a(s_lib_ver.o)
 .comment       0x00000000       0x3d c:/microchip/xc32/v1.31/bin/../lib/gcc/pic32mx/4.5.2/../../../../pic32mx/lib\libm.a(cabs.o)
 .comment       0x00000000       0x3d c:/microchip/xc32/v1.31/bin/../lib/gcc/pic32mx/4.5.2/../../../../pic32mx/lib\libm.a(support.o)
 .comment       0x00000000       0x3d c:/microchip/xc32/v1.31/bin/../lib/gcc/pic32mx/4.5.2/../../../../pic32mx/lib\libm.a(w_ldexp.o)
 .comment       0x00000000       0x3d c:/microchip/xc32/v1.31/bin/../lib/gcc/pic32mx/4.5.2/../../../../pic32mx/lib\libm.a(w_sqrt.o)
 .comment       0x00000000       0x3d c:/microchip/xc32/v1.31/bin/../lib/gcc/pic32mx/4.5.2/../../../../pic32mx/lib\libpic32.a(errno.o)
 .comment       0x00000000       0x3d c:/microchip/xc32/v1.31/bin/../lib/gcc/pic32mx/4.5.2/../../../../pic32mx/lib\libpic32.a(isinf.o)
 .comment       0x00000000       0x3d c:/microchip/xc32/v1.31/bin/../lib/gcc/pic32mx/4.5.2/../../../../pic32mx/lib\libc.a(itoa.o)
 .comment       0x000000cc       0x4e c:/microchip/xc32/v1.31/bin/../lib/gcc/pic32mx/4.5.2/../../../../pic32mx/lib\libe.a(_unorddf2.o)
                                 0x8b (size before relaxing)
 .comment       0x00000000       0x3d c:/microchip/xc32/v1.31/bin/../lib/gcc/pic32mx/4.5.2/../../../../pic32mx/lib\software-debug-break.o

.debug
 *(.debug)

.line
 *(.line)

.debug_srcinfo
 *(.debug_srcinfo)

.debug_sfnames
 *(.debug_sfnames)

.debug_aranges  0x00000000      0x718
 *(.debug_aranges)
 .debug_aranges
                0x00000000       0x20 build/default/debug/src/app/app_tasks/program_planner.o
 .debug_aranges
                0x00000020       0x20 build/default/debug/src/app/app_tasks/g_code.o
 .debug_aranges
                0x00000040       0x20 build/default/debug/src/app/app_tasks/motion.o
 .debug_aranges
                0x00000060       0x20 build/default/debug/src/app/app_tasks/nuts_bolts.o
 .debug_aranges
                0x00000080       0x20 build/default/debug/src/app/app_tasks/settings.o
 .debug_aranges
                0x000000a0       0x20 build/default/debug/src/app/app_tasks/eeprom.o
 .debug_aranges
                0x000000c0       0x20 build/default/debug/src/app/app_tasks/dee_emulation_pic32.o
 .debug_aranges
                0x000000e0       0x20 build/default/debug/src/app/app_tasks/report.o
 .debug_aranges
                0x00000100       0x20 build/default/debug/src/app/app_tasks/stepper.o
 .debug_aranges
                0x00000120       0x20 build/default/debug/src/app/system_config/pic32_mx/system_init.o
 .debug_aranges
                0x00000140       0x20 build/default/debug/src/app/system_config/pic32_mx/system_interrupt.o
 .debug_aranges
                0x00000160       0x20 build/default/debug/src/app/system_config/pic32_mx/system_task.o
 .debug_aranges
                0x00000180       0x20 build/default/debug/src/app/main.o
 .debug_aranges
                0x000001a0       0x20 build/default/debug/src/app/app.o
 .debug_aranges
                0x000001c0       0x20 build/default/debug/src/bsp/cnc_rev_00/bsp_sys_init.o
 .debug_aranges
                0x000001e0       0x20 ..\..\..\..\..\..\microchip\xc32\v1.31\pic32mx\lib\libmchp_peripheral_32MX795F512L.a(open_core_timer_lib.o)
 .debug_aranges
                0x00000200       0x20 ..\..\..\..\..\..\microchip\xc32\v1.31\pic32mx\lib\libmchp_peripheral_32MX795F512L.a(update_core_timer_lib.o)
 .debug_aranges
                0x00000220       0x28 ..\..\..\..\..\..\microchip\xc32\v1.31\pic32mx\lib\libmchp_peripheral_32MX795F512L.a(pcache.o)
 .debug_aranges
                0x00000248       0x20 ..\..\..\..\..\..\microchip\xc32\v1.31\pic32mx\lib\libmchp_peripheral_32MX795F512L.a(int_configure_system_lib.o)
 .debug_aranges
                0x00000268       0x20 ..\..\..\..\..\..\microchip\xc32\v1.31\pic32mx\lib\libmchp_peripheral_32MX795F512L.a(int_enable_interrupts_lib.o)
 .debug_aranges
                0x00000288       0x20 ..\..\..\..\..\..\microchip\xc32\v1.31\pic32mx\lib\libmchp_peripheral_32MX795F512L.a(int_disable_interrupts_lib.o)
 .debug_aranges
                0x000002a8       0x20 ..\..\..\..\..\..\microchip\xc32\v1.31\pic32mx\lib\libmchp_peripheral_32MX795F512L.a(int_restore_interrupts_lib.o)
 .debug_aranges
                0x000002c8       0x60 ..\..\..\..\..\..\microchip\xc32\v1.31\pic32mx\lib\libmchp_peripheral_32MX795F512L.a(int_tbl_lib.o)
 .debug_aranges
                0x00000328       0x20 ..\..\..\..\..\..\microchip\xc32\v1.31\pic32mx\lib\libmchp_peripheral_32MX795F512L.a(nvm_erase_page_lib.o)
 .debug_aranges
                0x00000348       0x20 ..\..\..\..\..\..\microchip\xc32\v1.31\pic32mx\lib\libmchp_peripheral_32MX795F512L.a(nvm_operation_lib.o)
 .debug_aranges
                0x00000368       0x20 ..\..\..\..\..\..\microchip\xc32\v1.31\pic32mx\lib\libmchp_peripheral_32MX795F512L.a(nvm_write_word_lib.o)
 .debug_aranges
                0x00000388       0x20 ..\..\..\..\..\..\microchip\xc32\v1.31\pic32mx\lib\libmchp_peripheral_32MX795F512L.a(port_set_pins_digital_in_lib.o)
 .debug_aranges
                0x000003a8       0x20 ..\..\..\..\..\..\microchip\xc32\v1.31\pic32mx\lib\libmchp_peripheral_32MX795F512L.a(port_set_pins_digital_out_lib.o)
 .debug_aranges
                0x000003c8       0x20 ..\..\..\..\..\..\microchip\xc32\v1.31\pic32mx\lib\libmchp_peripheral_32MX795F512L.a(port_read_bits_lib.o)
 .debug_aranges
                0x000003e8       0x20 ..\..\..\..\..\..\microchip\xc32\v1.31\pic32mx\lib\libmchp_peripheral_32MX795F512L.a(port_clear_bits_lib.o)
 .debug_aranges
                0x00000408       0x20 ..\..\..\..\..\..\microchip\xc32\v1.31\pic32mx\lib\libmchp_peripheral_32MX795F512L.a(port_set_bits_lib.o)
 .debug_aranges
                0x00000428       0x58 ..\..\..\..\..\..\microchip\xc32\v1.31\pic32mx\lib\libmchp_peripheral_32MX795F512L.a(uart_lib.o)
 .debug_aranges
                0x00000480       0x20 c:/microchip/xc32/v1.31/bin/../lib/gcc/pic32mx/4.5.2\libgcc.a(floatunsisf.o)
 .debug_aranges
                0x000004a0       0x20 c:/microchip/xc32/v1.31/bin/../lib/gcc/pic32mx/4.5.2/../../../../pic32mx/lib\libpic32.a(default-bootstrap-exception-handler.o)
 .debug_aranges
                0x000004c0       0x20 c:/microchip/xc32/v1.31/bin/../lib/gcc/pic32mx/4.5.2/../../../../pic32mx/lib\libpic32.a(default-on-reset.o)
 .debug_aranges
                0x000004e0       0x20 c:/microchip/xc32/v1.31/bin/../lib/gcc/pic32mx/4.5.2/../../../../pic32mx/lib\libpic32.a(default-on-bootstrap.o)
 .debug_aranges
                0x00000500       0x20 c:/microchip/xc32/v1.31/bin/../lib/gcc/pic32mx/4.5.2/../../../../pic32mx/lib\libpic32.a(default-general-exception-handler.o)
 .debug_aranges
                0x00000520       0x20 c:/microchip/xc32/v1.31/bin/../lib/gcc/pic32mx/4.5.2/../../../../pic32mx/lib\libpic32.a(defaultinterrupt.o)
 .debug_aranges
                0x00000540       0x20 c:/microchip/xc32/v1.31/bin/../lib/gcc/pic32mx/4.5.2/../../../../pic32mx/lib\libm.a(w_atan2f.o)
 .debug_aranges
                0x00000560       0x20 c:/microchip/xc32/v1.31/bin/../lib/gcc/pic32mx/4.5.2/../../../../pic32mx/lib\libm.a(w_sqrtf.o)
 .debug_aranges
                0x00000580       0x30 c:/microchip/xc32/v1.31/bin/../lib/gcc/pic32mx/4.5.2/../../../../pic32mx/lib\libm.a(cabs.o)
 .debug_aranges
                0x000005b0       0x78 c:/microchip/xc32/v1.31/bin/../lib/gcc/pic32mx/4.5.2/../../../../pic32mx/lib\libm.a(support.o)
 .debug_aranges
                0x00000628       0x20 c:/microchip/xc32/v1.31/bin/../lib/gcc/pic32mx/4.5.2/../../../../pic32mx/lib\libm.a(w_ldexp.o)
 .debug_aranges
                0x00000648       0x20 c:/microchip/xc32/v1.31/bin/../lib/gcc/pic32mx/4.5.2/../../../../pic32mx/lib\libm.a(w_sqrt.o)
 .debug_aranges
                0x00000668       0x48 c:/microchip/xc32/v1.31/bin/../lib/gcc/pic32mx/4.5.2/../../../../pic32mx/lib\libpic32.a(isinf.o)
 .debug_aranges
                0x000006b0       0x28 c:/microchip/xc32/v1.31/bin/../lib/gcc/pic32mx/4.5.2/../../../../pic32mx/lib\libc.a(itoa.o)
 .debug_aranges
                0x000006d8       0x20 c:/microchip/xc32/v1.31/bin/../lib/gcc/pic32mx/4.5.2/../../../../pic32mx/lib\libe.a(_unorddf2.o)
 .debug_aranges
                0x000006f8       0x20 c:/microchip/xc32/v1.31/bin/../lib/gcc/pic32mx/4.5.2/../../../../pic32mx/lib\software-debug-break.o

.debug_pubnames
                0x00000000     0x1297
 *(.debug_pubnames)
 .debug_pubnames
                0x00000000       0xef build/default/debug/src/app/app_tasks/program_planner.o
 .debug_pubnames
                0x000000ef      0x11c build/default/debug/src/app/app_tasks/g_code.o
 .debug_pubnames
                0x0000020b       0x50 build/default/debug/src/app/app_tasks/motion.o
 .debug_pubnames
                0x0000025b       0x3f build/default/debug/src/app/app_tasks/nuts_bolts.o
 .debug_pubnames
                0x0000029a      0x113 build/default/debug/src/app/app_tasks/settings.o
 .debug_pubnames
                0x000003ad       0x9c build/default/debug/src/app/app_tasks/eeprom.o
 .debug_pubnames
                0x00000449       0xfe build/default/debug/src/app/app_tasks/dee_emulation_pic32.o
 .debug_pubnames
                0x00000547       0xdd build/default/debug/src/app/app_tasks/report.o
 .debug_pubnames
                0x00000624       0x87 build/default/debug/src/app/app_tasks/stepper.o
 .debug_pubnames
                0x000006ab       0x25 build/default/debug/src/app/system_config/pic32_mx/system_init.o
 .debug_pubnames
                0x000006d0       0xf4 build/default/debug/src/app/system_config/pic32_mx/system_interrupt.o
 .debug_pubnames
                0x000007c4       0x20 build/default/debug/src/app/system_config/pic32_mx/system_task.o
 .debug_pubnames
                0x000007e4       0x23 build/default/debug/src/app/main.o
 .debug_pubnames
                0x00000807      0x163 build/default/debug/src/app/app.o
 .debug_pubnames
                0x0000096a      0x265 build/default/debug/src/bsp/cnc_rev_00/bsp_sys_init.o
 .debug_pubnames
                0x00000bcf       0x24 ..\..\..\..\..\..\microchip\xc32\v1.31\pic32mx\lib\libmchp_peripheral_32MX795F512L.a(open_core_timer_lib.o)
 .debug_pubnames
                0x00000bf3       0x26 ..\..\..\..\..\..\microchip\xc32\v1.31\pic32mx\lib\libmchp_peripheral_32MX795F512L.a(update_core_timer_lib.o)
 .debug_pubnames
                0x00000c19       0x3b ..\..\..\..\..\..\microchip\xc32\v1.31\pic32mx\lib\libmchp_peripheral_32MX795F512L.a(pcache.o)
 .debug_pubnames
                0x00000c54       0x29 ..\..\..\..\..\..\microchip\xc32\v1.31\pic32mx\lib\libmchp_peripheral_32MX795F512L.a(int_configure_system_lib.o)
 .debug_pubnames
                0x00000c7d       0x2a ..\..\..\..\..\..\microchip\xc32\v1.31\pic32mx\lib\libmchp_peripheral_32MX795F512L.a(int_enable_interrupts_lib.o)
 .debug_pubnames
                0x00000ca7       0x2b ..\..\..\..\..\..\microchip\xc32\v1.31\pic32mx\lib\libmchp_peripheral_32MX795F512L.a(int_disable_interrupts_lib.o)
 .debug_pubnames
                0x00000cd2       0x2b ..\..\..\..\..\..\microchip\xc32\v1.31\pic32mx\lib\libmchp_peripheral_32MX795F512L.a(int_restore_interrupts_lib.o)
 .debug_pubnames
                0x00000cfd       0xca ..\..\..\..\..\..\microchip\xc32\v1.31\pic32mx\lib\libmchp_peripheral_32MX795F512L.a(int_tbl_lib.o)
 .debug_pubnames
                0x00000dc7       0x23 ..\..\..\..\..\..\microchip\xc32\v1.31\pic32mx\lib\libmchp_peripheral_32MX795F512L.a(nvm_erase_page_lib.o)
 .debug_pubnames
                0x00000dea       0x24 ..\..\..\..\..\..\microchip\xc32\v1.31\pic32mx\lib\libmchp_peripheral_32MX795F512L.a(nvm_operation_lib.o)
 .debug_pubnames
                0x00000e0e       0x23 ..\..\..\..\..\..\microchip\xc32\v1.31\pic32mx\lib\libmchp_peripheral_32MX795F512L.a(nvm_write_word_lib.o)
 .debug_pubnames
                0x00000e31       0x2b ..\..\..\..\..\..\microchip\xc32\v1.31\pic32mx\lib\libmchp_peripheral_32MX795F512L.a(port_set_pins_digital_in_lib.o)
 .debug_pubnames
                0x00000e5c       0x2c ..\..\..\..\..\..\microchip\xc32\v1.31\pic32mx\lib\libmchp_peripheral_32MX795F512L.a(port_set_pins_digital_out_lib.o)
 .debug_pubnames
                0x00000e88       0x23 ..\..\..\..\..\..\microchip\xc32\v1.31\pic32mx\lib\libmchp_peripheral_32MX795F512L.a(port_read_bits_lib.o)
 .debug_pubnames
                0x00000eab       0x24 ..\..\..\..\..\..\microchip\xc32\v1.31\pic32mx\lib\libmchp_peripheral_32MX795F512L.a(port_clear_bits_lib.o)
 .debug_pubnames
                0x00000ecf       0x22 ..\..\..\..\..\..\microchip\xc32\v1.31\pic32mx\lib\libmchp_peripheral_32MX795F512L.a(port_set_bits_lib.o)
 .debug_pubnames
                0x00000ef1       0xb1 ..\..\..\..\..\..\microchip\xc32\v1.31\pic32mx\lib\libmchp_peripheral_32MX795F512L.a(uart_lib.o)
 .debug_pubnames
                0x00000fa2       0x24 c:/microchip/xc32/v1.31/bin/../lib/gcc/pic32mx/4.5.2\libgcc.a(floatunsisf.o)
 .debug_pubnames
                0x00000fc6       0x33 c:/microchip/xc32/v1.31/bin/../lib/gcc/pic32mx/4.5.2/../../../../pic32mx/lib\libpic32.a(default-bootstrap-exception-handler.o)
 .debug_pubnames
                0x00000ff9       0x20 c:/microchip/xc32/v1.31/bin/../lib/gcc/pic32mx/4.5.2/../../../../pic32mx/lib\libpic32.a(default-on-reset.o)
 .debug_pubnames
                0x00001019       0x24 c:/microchip/xc32/v1.31/bin/../lib/gcc/pic32mx/4.5.2/../../../../pic32mx/lib\libpic32.a(default-on-bootstrap.o)
 .debug_pubnames
                0x0000103d       0x31 c:/microchip/xc32/v1.31/bin/../lib/gcc/pic32mx/4.5.2/../../../../pic32mx/lib\libpic32.a(default-general-exception-handler.o)
 .debug_pubnames
                0x0000106e       0x28 c:/microchip/xc32/v1.31/bin/../lib/gcc/pic32mx/4.5.2/../../../../pic32mx/lib\libpic32.a(defaultinterrupt.o)
 .debug_pubnames
                0x00001096       0x1d c:/microchip/xc32/v1.31/bin/../lib/gcc/pic32mx/4.5.2/../../../../pic32mx/lib\libm.a(w_atan2f.o)
 .debug_pubnames
                0x000010b3       0x1c c:/microchip/xc32/v1.31/bin/../lib/gcc/pic32mx/4.5.2/../../../../pic32mx/lib\libm.a(w_sqrtf.o)
 .debug_pubnames
                0x000010cf       0x32 c:/microchip/xc32/v1.31/bin/../lib/gcc/pic32mx/4.5.2/../../../../pic32mx/lib\libm.a(cabs.o)
 .debug_pubnames
                0x00001101       0x98 c:/microchip/xc32/v1.31/bin/../lib/gcc/pic32mx/4.5.2/../../../../pic32mx/lib\libm.a(support.o)
 .debug_pubnames
                0x00001199       0x1c c:/microchip/xc32/v1.31/bin/../lib/gcc/pic32mx/4.5.2/../../../../pic32mx/lib\libm.a(w_ldexp.o)
 .debug_pubnames
                0x000011b5       0x1b c:/microchip/xc32/v1.31/bin/../lib/gcc/pic32mx/4.5.2/../../../../pic32mx/lib\libm.a(w_sqrt.o)
 .debug_pubnames
                0x000011d0       0x52 c:/microchip/xc32/v1.31/bin/../lib/gcc/pic32mx/4.5.2/../../../../pic32mx/lib\libpic32.a(isinf.o)
 .debug_pubnames
                0x00001222       0x24 c:/microchip/xc32/v1.31/bin/../lib/gcc/pic32mx/4.5.2/../../../../pic32mx/lib\libc.a(itoa.o)
 .debug_pubnames
                0x00001246       0x21 c:/microchip/xc32/v1.31/bin/../lib/gcc/pic32mx/4.5.2/../../../../pic32mx/lib\libe.a(_unorddf2.o)
 .debug_pubnames
                0x00001267       0x30 c:/microchip/xc32/v1.31/bin/../lib/gcc/pic32mx/4.5.2/../../../../pic32mx/lib\software-debug-break.o

.debug_info     0x00000000    0x18121
 *(.debug_info .gnu.linkonce.wi.*)
 .debug_info    0x00000000     0x1e22 build/default/debug/src/app/app_tasks/program_planner.o
 .debug_info    0x00001e22     0x1ae4 build/default/debug/src/app/app_tasks/g_code.o
 .debug_info    0x00003906     0x1e65 build/default/debug/src/app/app_tasks/motion.o
 .debug_info    0x0000576b      0x37c build/default/debug/src/app/app_tasks/nuts_bolts.o
 .debug_info    0x00005ae7      0x70e build/default/debug/src/app/app_tasks/settings.o
 .debug_info    0x000061f5     0x1353 build/default/debug/src/app/app_tasks/eeprom.o
 .debug_info    0x00007548     0x1988 build/default/debug/src/app/app_tasks/dee_emulation_pic32.o
 .debug_info    0x00008ed0     0x1638 build/default/debug/src/app/app_tasks/report.o
 .debug_info    0x0000a508     0x1ca1 build/default/debug/src/app/app_tasks/stepper.o
 .debug_info    0x0000c1a9     0x1550 build/default/debug/src/app/system_config/pic32_mx/system_init.o
 .debug_info    0x0000d6f9     0x207a build/default/debug/src/app/system_config/pic32_mx/system_interrupt.o
 .debug_info    0x0000f773     0x1188 build/default/debug/src/app/system_config/pic32_mx/system_task.o
 .debug_info    0x000108fb     0x1267 build/default/debug/src/app/main.o
 .debug_info    0x00011b62     0x1939 build/default/debug/src/app/app.o
 .debug_info    0x0001349b     0x3121 build/default/debug/src/bsp/cnc_rev_00/bsp_sys_init.o
 .debug_info    0x000165bc       0xaa ..\..\..\..\..\..\microchip\xc32\v1.31\pic32mx\lib\libmchp_peripheral_32MX795F512L.a(open_core_timer_lib.o)
 .debug_info    0x00016666       0xae ..\..\..\..\..\..\microchip\xc32\v1.31\pic32mx\lib\libmchp_peripheral_32MX795F512L.a(update_core_timer_lib.o)
 .debug_info    0x00016714       0xbf ..\..\..\..\..\..\microchip\xc32\v1.31\pic32mx\lib\libmchp_peripheral_32MX795F512L.a(pcache.o)
 .debug_info    0x000167d3       0xb2 ..\..\..\..\..\..\microchip\xc32\v1.31\pic32mx\lib\libmchp_peripheral_32MX795F512L.a(int_configure_system_lib.o)
 .debug_info    0x00016885       0xb4 ..\..\..\..\..\..\microchip\xc32\v1.31\pic32mx\lib\libmchp_peripheral_32MX795F512L.a(int_enable_interrupts_lib.o)
 .debug_info    0x00016939       0xb6 ..\..\..\..\..\..\microchip\xc32\v1.31\pic32mx\lib\libmchp_peripheral_32MX795F512L.a(int_disable_interrupts_lib.o)
 .debug_info    0x000169ef       0xb6 ..\..\..\..\..\..\microchip\xc32\v1.31\pic32mx\lib\libmchp_peripheral_32MX795F512L.a(int_restore_interrupts_lib.o)
 .debug_info    0x00016aa5      0x196 ..\..\..\..\..\..\microchip\xc32\v1.31\pic32mx\lib\libmchp_peripheral_32MX795F512L.a(int_tbl_lib.o)
 .debug_info    0x00016c3b       0xa6 ..\..\..\..\..\..\microchip\xc32\v1.31\pic32mx\lib\libmchp_peripheral_32MX795F512L.a(nvm_erase_page_lib.o)
 .debug_info    0x00016ce1       0xc7 ..\..\..\..\..\..\microchip\xc32\v1.31\pic32mx\lib\libmchp_peripheral_32MX795F512L.a(nvm_operation_lib.o)
 .debug_info    0x00016da8       0xa6 ..\..\..\..\..\..\microchip\xc32\v1.31\pic32mx\lib\libmchp_peripheral_32MX795F512L.a(nvm_write_word_lib.o)
 .debug_info    0x00016e4e       0xba ..\..\..\..\..\..\microchip\xc32\v1.31\pic32mx\lib\libmchp_peripheral_32MX795F512L.a(port_set_pins_digital_in_lib.o)
 .debug_info    0x00016f08       0xbc ..\..\..\..\..\..\microchip\xc32\v1.31\pic32mx\lib\libmchp_peripheral_32MX795F512L.a(port_set_pins_digital_out_lib.o)
 .debug_info    0x00016fc4       0xa8 ..\..\..\..\..\..\microchip\xc32\v1.31\pic32mx\lib\libmchp_peripheral_32MX795F512L.a(port_read_bits_lib.o)
 .debug_info    0x0001706c       0xaa ..\..\..\..\..\..\microchip\xc32\v1.31\pic32mx\lib\libmchp_peripheral_32MX795F512L.a(port_clear_bits_lib.o)
 .debug_info    0x00017116       0xa6 ..\..\..\..\..\..\microchip\xc32\v1.31\pic32mx\lib\libmchp_peripheral_32MX795F512L.a(port_set_bits_lib.o)
 .debug_info    0x000171bc        0x0 ..\..\..\..\..\..\microchip\xc32\v1.31\pic32mx\lib\libmchp_peripheral_32MX795F512L.a(_ports_tbl_libp.o)
 .debug_info    0x000171bc      0x175 ..\..\..\..\..\..\microchip\xc32\v1.31\pic32mx\lib\libmchp_peripheral_32MX795F512L.a(uart_lib.o)
 .debug_info    0x00017331      0x157 c:/microchip/xc32/v1.31/bin/../lib/gcc/pic32mx/4.5.2\libgcc.a(floatunsisf.o)
 .debug_info    0x00017488       0xde c:/microchip/xc32/v1.31/bin/../lib/gcc/pic32mx/4.5.2/../../../../pic32mx/lib\libpic32.a(default-bootstrap-exception-handler.o)
 .debug_info    0x00017566       0xb8 c:/microchip/xc32/v1.31/bin/../lib/gcc/pic32mx/4.5.2/../../../../pic32mx/lib\libpic32.a(default-on-reset.o)
 .debug_info    0x0001761e       0xc0 c:/microchip/xc32/v1.31/bin/../lib/gcc/pic32mx/4.5.2/../../../../pic32mx/lib\libpic32.a(default-on-bootstrap.o)
 .debug_info    0x000176de       0xda c:/microchip/xc32/v1.31/bin/../lib/gcc/pic32mx/4.5.2/../../../../pic32mx/lib\libpic32.a(default-general-exception-handler.o)
 .debug_info    0x000177b8       0xd2 c:/microchip/xc32/v1.31/bin/../lib/gcc/pic32mx/4.5.2/../../../../pic32mx/lib\libpic32.a(defaultinterrupt.o)
 .debug_info    0x0001788a       0xc6 c:/microchip/xc32/v1.31/bin/../lib/gcc/pic32mx/4.5.2/../../../../pic32mx/lib\libm.a(w_atan2f.o)
 .debug_info    0x00017950       0xa8 c:/microchip/xc32/v1.31/bin/../lib/gcc/pic32mx/4.5.2/../../../../pic32mx/lib\libm.a(w_sqrtf.o)
 .debug_info    0x000179f8        0x0 c:/microchip/xc32/v1.31/bin/../lib/gcc/pic32mx/4.5.2/../../../../pic32mx/lib\libm.a(s_lib_ver.o)
 .debug_info    0x000179f8       0xde c:/microchip/xc32/v1.31/bin/../lib/gcc/pic32mx/4.5.2/../../../../pic32mx/lib\libm.a(cabs.o)
 .debug_info    0x00017ad6      0x19e c:/microchip/xc32/v1.31/bin/../lib/gcc/pic32mx/4.5.2/../../../../pic32mx/lib\libm.a(support.o)
 .debug_info    0x00017c74       0xaf c:/microchip/xc32/v1.31/bin/../lib/gcc/pic32mx/4.5.2/../../../../pic32mx/lib\libm.a(w_ldexp.o)
 .debug_info    0x00017d23       0xa6 c:/microchip/xc32/v1.31/bin/../lib/gcc/pic32mx/4.5.2/../../../../pic32mx/lib\libm.a(w_sqrt.o)
 .debug_info    0x00017dc9        0x0 c:/microchip/xc32/v1.31/bin/../lib/gcc/pic32mx/4.5.2/../../../../pic32mx/lib\libpic32.a(errno.o)
 .debug_info    0x00017dc9      0x111 c:/microchip/xc32/v1.31/bin/../lib/gcc/pic32mx/4.5.2/../../../../pic32mx/lib\libpic32.a(isinf.o)
 .debug_info    0x00017eda       0xc0 c:/microchip/xc32/v1.31/bin/../lib/gcc/pic32mx/4.5.2/../../../../pic32mx/lib\libc.a(itoa.o)
 .debug_info    0x00017f9a       0xb9 c:/microchip/xc32/v1.31/bin/../lib/gcc/pic32mx/4.5.2/../../../../pic32mx/lib\libe.a(_unorddf2.o)
 .debug_info    0x00018053       0xce c:/microchip/xc32/v1.31/bin/../lib/gcc/pic32mx/4.5.2/../../../../pic32mx/lib\software-debug-break.o

.debug_abbrev   0x00000000     0x2577
 *(.debug_abbrev)
 .debug_abbrev  0x00000000      0x27f build/default/debug/src/app/app_tasks/program_planner.o
 .debug_abbrev  0x0000027f      0x28e build/default/debug/src/app/app_tasks/g_code.o
 .debug_abbrev  0x0000050d      0x25d build/default/debug/src/app/app_tasks/motion.o
 .debug_abbrev  0x0000076a       0xdd build/default/debug/src/app/app_tasks/nuts_bolts.o
 .debug_abbrev  0x00000847      0x15a build/default/debug/src/app/app_tasks/settings.o
 .debug_abbrev  0x000009a1      0x20b build/default/debug/src/app/app_tasks/eeprom.o
 .debug_abbrev  0x00000bac      0x256 build/default/debug/src/app/app_tasks/dee_emulation_pic32.o
 .debug_abbrev  0x00000e02      0x1db build/default/debug/src/app/app_tasks/report.o
 .debug_abbrev  0x00000fdd      0x261 build/default/debug/src/app/app_tasks/stepper.o
 .debug_abbrev  0x0000123e      0x294 build/default/debug/src/app/system_config/pic32_mx/system_init.o
 .debug_abbrev  0x000014d2      0x29b build/default/debug/src/app/system_config/pic32_mx/system_interrupt.o
 .debug_abbrev  0x0000176d      0x17b build/default/debug/src/app/system_config/pic32_mx/system_task.o
 .debug_abbrev  0x000018e8      0x1cb build/default/debug/src/app/main.o
 .debug_abbrev  0x00001ab3      0x269 build/default/debug/src/app/app.o
 .debug_abbrev  0x00001d1c      0x2d7 build/default/debug/src/bsp/cnc_rev_00/bsp_sys_init.o
 .debug_abbrev  0x00001ff3       0x25 ..\..\..\..\..\..\microchip\xc32\v1.31\pic32mx\lib\libmchp_peripheral_32MX795F512L.a(open_core_timer_lib.o)
 .debug_abbrev  0x00002018       0x25 ..\..\..\..\..\..\microchip\xc32\v1.31\pic32mx\lib\libmchp_peripheral_32MX795F512L.a(update_core_timer_lib.o)
 .debug_abbrev  0x0000203d       0x25 ..\..\..\..\..\..\microchip\xc32\v1.31\pic32mx\lib\libmchp_peripheral_32MX795F512L.a(pcache.o)
 .debug_abbrev  0x00002062       0x25 ..\..\..\..\..\..\microchip\xc32\v1.31\pic32mx\lib\libmchp_peripheral_32MX795F512L.a(int_configure_system_lib.o)
 .debug_abbrev  0x00002087       0x25 ..\..\..\..\..\..\microchip\xc32\v1.31\pic32mx\lib\libmchp_peripheral_32MX795F512L.a(int_enable_interrupts_lib.o)
 .debug_abbrev  0x000020ac       0x25 ..\..\..\..\..\..\microchip\xc32\v1.31\pic32mx\lib\libmchp_peripheral_32MX795F512L.a(int_disable_interrupts_lib.o)
 .debug_abbrev  0x000020d1       0x25 ..\..\..\..\..\..\microchip\xc32\v1.31\pic32mx\lib\libmchp_peripheral_32MX795F512L.a(int_restore_interrupts_lib.o)
 .debug_abbrev  0x000020f6       0x25 ..\..\..\..\..\..\microchip\xc32\v1.31\pic32mx\lib\libmchp_peripheral_32MX795F512L.a(int_tbl_lib.o)
 .debug_abbrev  0x0000211b       0x25 ..\..\..\..\..\..\microchip\xc32\v1.31\pic32mx\lib\libmchp_peripheral_32MX795F512L.a(nvm_erase_page_lib.o)
 .debug_abbrev  0x00002140       0x34 ..\..\..\..\..\..\microchip\xc32\v1.31\pic32mx\lib\libmchp_peripheral_32MX795F512L.a(nvm_operation_lib.o)
 .debug_abbrev  0x00002174       0x25 ..\..\..\..\..\..\microchip\xc32\v1.31\pic32mx\lib\libmchp_peripheral_32MX795F512L.a(nvm_write_word_lib.o)
 .debug_abbrev  0x00002199       0x25 ..\..\..\..\..\..\microchip\xc32\v1.31\pic32mx\lib\libmchp_peripheral_32MX795F512L.a(port_set_pins_digital_in_lib.o)
 .debug_abbrev  0x000021be       0x25 ..\..\..\..\..\..\microchip\xc32\v1.31\pic32mx\lib\libmchp_peripheral_32MX795F512L.a(port_set_pins_digital_out_lib.o)
 .debug_abbrev  0x000021e3       0x25 ..\..\..\..\..\..\microchip\xc32\v1.31\pic32mx\lib\libmchp_peripheral_32MX795F512L.a(port_read_bits_lib.o)
 .debug_abbrev  0x00002208       0x25 ..\..\..\..\..\..\microchip\xc32\v1.31\pic32mx\lib\libmchp_peripheral_32MX795F512L.a(port_clear_bits_lib.o)
 .debug_abbrev  0x0000222d       0x25 ..\..\..\..\..\..\microchip\xc32\v1.31\pic32mx\lib\libmchp_peripheral_32MX795F512L.a(port_set_bits_lib.o)
 .debug_abbrev  0x00002252        0x1 ..\..\..\..\..\..\microchip\xc32\v1.31\pic32mx\lib\libmchp_peripheral_32MX795F512L.a(_ports_tbl_libp.o)
 .debug_abbrev  0x00002253       0x38 ..\..\..\..\..\..\microchip\xc32\v1.31\pic32mx\lib\libmchp_peripheral_32MX795F512L.a(uart_lib.o)
 .debug_abbrev  0x0000228b       0x61 c:/microchip/xc32/v1.31/bin/../lib/gcc/pic32mx/4.5.2\libgcc.a(floatunsisf.o)
 .debug_abbrev  0x000022ec       0x23 c:/microchip/xc32/v1.31/bin/../lib/gcc/pic32mx/4.5.2/../../../../pic32mx/lib\libpic32.a(default-bootstrap-exception-handler.o)
 .debug_abbrev  0x0000230f       0x23 c:/microchip/xc32/v1.31/bin/../lib/gcc/pic32mx/4.5.2/../../../../pic32mx/lib\libpic32.a(default-on-reset.o)
 .debug_abbrev  0x00002332       0x23 c:/microchip/xc32/v1.31/bin/../lib/gcc/pic32mx/4.5.2/../../../../pic32mx/lib\libpic32.a(default-on-bootstrap.o)
 .debug_abbrev  0x00002355       0x23 c:/microchip/xc32/v1.31/bin/../lib/gcc/pic32mx/4.5.2/../../../../pic32mx/lib\libpic32.a(default-general-exception-handler.o)
 .debug_abbrev  0x00002378       0x23 c:/microchip/xc32/v1.31/bin/../lib/gcc/pic32mx/4.5.2/../../../../pic32mx/lib\libpic32.a(defaultinterrupt.o)
 .debug_abbrev  0x0000239b       0x3f c:/microchip/xc32/v1.31/bin/../lib/gcc/pic32mx/4.5.2/../../../../pic32mx/lib\libm.a(w_atan2f.o)
 .debug_abbrev  0x000023da       0x23 c:/microchip/xc32/v1.31/bin/../lib/gcc/pic32mx/4.5.2/../../../../pic32mx/lib\libm.a(w_sqrtf.o)
 .debug_abbrev  0x000023fd        0x1 c:/microchip/xc32/v1.31/bin/../lib/gcc/pic32mx/4.5.2/../../../../pic32mx/lib\libm.a(s_lib_ver.o)
 .debug_abbrev  0x000023fe       0x47 c:/microchip/xc32/v1.31/bin/../lib/gcc/pic32mx/4.5.2/../../../../pic32mx/lib\libm.a(cabs.o)
 .debug_abbrev  0x00002445       0x52 c:/microchip/xc32/v1.31/bin/../lib/gcc/pic32mx/4.5.2/../../../../pic32mx/lib\libm.a(support.o)
 .debug_abbrev  0x00002497       0x23 c:/microchip/xc32/v1.31/bin/../lib/gcc/pic32mx/4.5.2/../../../../pic32mx/lib\libm.a(w_ldexp.o)
 .debug_abbrev  0x000024ba       0x23 c:/microchip/xc32/v1.31/bin/../lib/gcc/pic32mx/4.5.2/../../../../pic32mx/lib\libm.a(w_sqrt.o)
 .debug_abbrev  0x000024dd        0x1 c:/microchip/xc32/v1.31/bin/../lib/gcc/pic32mx/4.5.2/../../../../pic32mx/lib\libpic32.a(errno.o)
 .debug_abbrev  0x000024de       0x23 c:/microchip/xc32/v1.31/bin/../lib/gcc/pic32mx/4.5.2/../../../../pic32mx/lib\libpic32.a(isinf.o)
 .debug_abbrev  0x00002501       0x23 c:/microchip/xc32/v1.31/bin/../lib/gcc/pic32mx/4.5.2/../../../../pic32mx/lib\libc.a(itoa.o)
 .debug_abbrev  0x00002524       0x30 c:/microchip/xc32/v1.31/bin/../lib/gcc/pic32mx/4.5.2/../../../../pic32mx/lib\libe.a(_unorddf2.o)
 .debug_abbrev  0x00002554       0x23 c:/microchip/xc32/v1.31/bin/../lib/gcc/pic32mx/4.5.2/../../../../pic32mx/lib\software-debug-break.o

.debug_line     0x00000000     0x383f
 *(.debug_line)
 .debug_line    0x00000000      0x34c build/default/debug/src/app/app_tasks/program_planner.o
 .debug_line    0x0000034c      0x3ce build/default/debug/src/app/app_tasks/g_code.o
 .debug_line    0x0000071a      0x3cd build/default/debug/src/app/app_tasks/motion.o
 .debug_line    0x00000ae7      0x116 build/default/debug/src/app/app_tasks/nuts_bolts.o
 .debug_line    0x00000bfd      0x1a3 build/default/debug/src/app/app_tasks/settings.o
 .debug_line    0x00000da0      0x167 build/default/debug/src/app/app_tasks/eeprom.o
 .debug_line    0x00000f07      0x3b4 build/default/debug/src/app/app_tasks/dee_emulation_pic32.o
 .debug_line    0x000012bb      0x281 build/default/debug/src/app/app_tasks/report.o
 .debug_line    0x0000153c      0x306 build/default/debug/src/app/app_tasks/stepper.o
 .debug_line    0x00001842      0x1f3 build/default/debug/src/app/system_config/pic32_mx/system_init.o
 .debug_line    0x00001a35      0x371 build/default/debug/src/app/system_config/pic32_mx/system_interrupt.o
 .debug_line    0x00001da6      0x14d build/default/debug/src/app/system_config/pic32_mx/system_task.o
 .debug_line    0x00001ef3      0x1c1 build/default/debug/src/app/main.o
 .debug_line    0x000020b4      0x302 build/default/debug/src/app/app.o
 .debug_line    0x000023b6      0x4d2 build/default/debug/src/bsp/cnc_rev_00/bsp_sys_init.o
 .debug_line    0x00002888       0x6e ..\..\..\..\..\..\microchip\xc32\v1.31\pic32mx\lib\libmchp_peripheral_32MX795F512L.a(open_core_timer_lib.o)
 .debug_line    0x000028f6       0x70 ..\..\..\..\..\..\microchip\xc32\v1.31\pic32mx\lib\libmchp_peripheral_32MX795F512L.a(update_core_timer_lib.o)
 .debug_line    0x00002966       0x62 ..\..\..\..\..\..\microchip\xc32\v1.31\pic32mx\lib\libmchp_peripheral_32MX795F512L.a(pcache.o)
 .debug_line    0x000029c8       0x71 ..\..\..\..\..\..\microchip\xc32\v1.31\pic32mx\lib\libmchp_peripheral_32MX795F512L.a(int_configure_system_lib.o)
 .debug_line    0x00002a39       0x72 ..\..\..\..\..\..\microchip\xc32\v1.31\pic32mx\lib\libmchp_peripheral_32MX795F512L.a(int_enable_interrupts_lib.o)
 .debug_line    0x00002aab       0x73 ..\..\..\..\..\..\microchip\xc32\v1.31\pic32mx\lib\libmchp_peripheral_32MX795F512L.a(int_disable_interrupts_lib.o)
 .debug_line    0x00002b1e       0x73 ..\..\..\..\..\..\microchip\xc32\v1.31\pic32mx\lib\libmchp_peripheral_32MX795F512L.a(int_restore_interrupts_lib.o)
 .debug_line    0x00002b91       0x64 ..\..\..\..\..\..\microchip\xc32\v1.31\pic32mx\lib\libmchp_peripheral_32MX795F512L.a(int_tbl_lib.o)
 .debug_line    0x00002bf5       0x6b ..\..\..\..\..\..\microchip\xc32\v1.31\pic32mx\lib\libmchp_peripheral_32MX795F512L.a(nvm_erase_page_lib.o)
 .debug_line    0x00002c60       0xc0 ..\..\..\..\..\..\microchip\xc32\v1.31\pic32mx\lib\libmchp_peripheral_32MX795F512L.a(nvm_operation_lib.o)
 .debug_line    0x00002d20       0x6b ..\..\..\..\..\..\microchip\xc32\v1.31\pic32mx\lib\libmchp_peripheral_32MX795F512L.a(nvm_write_word_lib.o)
 .debug_line    0x00002d8b       0x77 ..\..\..\..\..\..\microchip\xc32\v1.31\pic32mx\lib\libmchp_peripheral_32MX795F512L.a(port_set_pins_digital_in_lib.o)
 .debug_line    0x00002e02       0x78 ..\..\..\..\..\..\microchip\xc32\v1.31\pic32mx\lib\libmchp_peripheral_32MX795F512L.a(port_set_pins_digital_out_lib.o)
 .debug_line    0x00002e7a       0x6d ..\..\..\..\..\..\microchip\xc32\v1.31\pic32mx\lib\libmchp_peripheral_32MX795F512L.a(port_read_bits_lib.o)
 .debug_line    0x00002ee7       0x6e ..\..\..\..\..\..\microchip\xc32\v1.31\pic32mx\lib\libmchp_peripheral_32MX795F512L.a(port_clear_bits_lib.o)
 .debug_line    0x00002f55       0x6c ..\..\..\..\..\..\microchip\xc32\v1.31\pic32mx\lib\libmchp_peripheral_32MX795F512L.a(port_set_bits_lib.o)
 .debug_line    0x00002fc1        0x0 ..\..\..\..\..\..\microchip\xc32\v1.31\pic32mx\lib\libmchp_peripheral_32MX795F512L.a(_ports_tbl_libp.o)
 .debug_line    0x00002fc1       0x62 ..\..\..\..\..\..\microchip\xc32\v1.31\pic32mx\lib\libmchp_peripheral_32MX795F512L.a(uart_lib.o)
 .debug_line    0x00003023       0x8e c:/microchip/xc32/v1.31/bin/../lib/gcc/pic32mx/4.5.2\libgcc.a(floatunsisf.o)
 .debug_line    0x000030b1       0x97 c:/microchip/xc32/v1.31/bin/../lib/gcc/pic32mx/4.5.2/../../../../pic32mx/lib\libpic32.a(default-bootstrap-exception-handler.o)
 .debug_line    0x00003148       0x84 c:/microchip/xc32/v1.31/bin/../lib/gcc/pic32mx/4.5.2/../../../../pic32mx/lib\libpic32.a(default-on-reset.o)
 .debug_line    0x000031cc       0x88 c:/microchip/xc32/v1.31/bin/../lib/gcc/pic32mx/4.5.2/../../../../pic32mx/lib\libpic32.a(default-on-bootstrap.o)
 .debug_line    0x00003254       0x95 c:/microchip/xc32/v1.31/bin/../lib/gcc/pic32mx/4.5.2/../../../../pic32mx/lib\libpic32.a(default-general-exception-handler.o)
 .debug_line    0x000032e9       0x96 c:/microchip/xc32/v1.31/bin/../lib/gcc/pic32mx/4.5.2/../../../../pic32mx/lib\libpic32.a(defaultinterrupt.o)
 .debug_line    0x0000337f       0x79 c:/microchip/xc32/v1.31/bin/../lib/gcc/pic32mx/4.5.2/../../../../pic32mx/lib\libm.a(w_atan2f.o)
 .debug_line    0x000033f8       0x78 c:/microchip/xc32/v1.31/bin/../lib/gcc/pic32mx/4.5.2/../../../../pic32mx/lib\libm.a(w_sqrtf.o)
 .debug_line    0x00003470        0x0 c:/microchip/xc32/v1.31/bin/../lib/gcc/pic32mx/4.5.2/../../../../pic32mx/lib\libm.a(s_lib_ver.o)
 .debug_line    0x00003470       0x73 c:/microchip/xc32/v1.31/bin/../lib/gcc/pic32mx/4.5.2/../../../../pic32mx/lib\libm.a(cabs.o)
 .debug_line    0x000034e3       0x76 c:/microchip/xc32/v1.31/bin/../lib/gcc/pic32mx/4.5.2/../../../../pic32mx/lib\libm.a(support.o)
 .debug_line    0x00003559       0x7f c:/microchip/xc32/v1.31/bin/../lib/gcc/pic32mx/4.5.2/../../../../pic32mx/lib\libm.a(w_ldexp.o)
 .debug_line    0x000035d8       0x77 c:/microchip/xc32/v1.31/bin/../lib/gcc/pic32mx/4.5.2/../../../../pic32mx/lib\libm.a(w_sqrt.o)
 .debug_line    0x0000364f        0x0 c:/microchip/xc32/v1.31/bin/../lib/gcc/pic32mx/4.5.2/../../../../pic32mx/lib\libpic32.a(errno.o)
 .debug_line    0x0000364f       0x79 c:/microchip/xc32/v1.31/bin/../lib/gcc/pic32mx/4.5.2/../../../../pic32mx/lib\libpic32.a(isinf.o)
 .debug_line    0x000036c8       0x6e c:/microchip/xc32/v1.31/bin/../lib/gcc/pic32mx/4.5.2/../../../../pic32mx/lib\libc.a(itoa.o)
 .debug_line    0x00003736       0x7f c:/microchip/xc32/v1.31/bin/../lib/gcc/pic32mx/4.5.2/../../../../pic32mx/lib\libe.a(_unorddf2.o)
 .debug_line    0x000037b5       0x8a c:/microchip/xc32/v1.31/bin/../lib/gcc/pic32mx/4.5.2/../../../../pic32mx/lib\software-debug-break.o

.debug_frame    0x00000000     0x161c
 *(.debug_frame)
 .debug_frame   0x00000000      0x284 build/default/debug/src/app/app_tasks/program_planner.o
 .debug_frame   0x00000284       0xa0 build/default/debug/src/app/app_tasks/g_code.o
 .debug_frame   0x00000324       0x88 build/default/debug/src/app/app_tasks/motion.o
 .debug_frame   0x000003ac       0x48 build/default/debug/src/app/app_tasks/nuts_bolts.o
 .debug_frame   0x000003f4      0x110 build/default/debug/src/app/app_tasks/settings.o
 .debug_frame   0x00000504       0x80 build/default/debug/src/app/app_tasks/eeprom.o
 .debug_frame   0x00000584      0x148 build/default/debug/src/app/app_tasks/dee_emulation_pic32.o
 .debug_frame   0x000006cc      0x12c build/default/debug/src/app/app_tasks/report.o
 .debug_frame   0x000007f8      0x10c build/default/debug/src/app/app_tasks/stepper.o
 .debug_frame   0x00000904       0x2c build/default/debug/src/app/system_config/pic32_mx/system_init.o
 .debug_frame   0x00000930      0x234 build/default/debug/src/app/system_config/pic32_mx/system_interrupt.o
 .debug_frame   0x00000b64       0x2c build/default/debug/src/app/system_config/pic32_mx/system_task.o
 .debug_frame   0x00000b90       0x2c build/default/debug/src/app/main.o
 .debug_frame   0x00000bbc       0x9c build/default/debug/src/app/app.o
 .debug_frame   0x00000c58      0x244 build/default/debug/src/bsp/cnc_rev_00/bsp_sys_init.o
 .debug_frame   0x00000e9c       0x20 ..\..\..\..\..\..\microchip\xc32\v1.31\pic32mx\lib\libmchp_peripheral_32MX795F512L.a(open_core_timer_lib.o)
 .debug_frame   0x00000ebc       0x20 ..\..\..\..\..\..\microchip\xc32\v1.31\pic32mx\lib\libmchp_peripheral_32MX795F512L.a(update_core_timer_lib.o)
 .debug_frame   0x00000edc       0x30 ..\..\..\..\..\..\microchip\xc32\v1.31\pic32mx\lib\libmchp_peripheral_32MX795F512L.a(pcache.o)
 .debug_frame   0x00000f0c       0x20 ..\..\..\..\..\..\microchip\xc32\v1.31\pic32mx\lib\libmchp_peripheral_32MX795F512L.a(int_configure_system_lib.o)
 .debug_frame   0x00000f2c       0x20 ..\..\..\..\..\..\microchip\xc32\v1.31\pic32mx\lib\libmchp_peripheral_32MX795F512L.a(int_enable_interrupts_lib.o)
 .debug_frame   0x00000f4c       0x20 ..\..\..\..\..\..\microchip\xc32\v1.31\pic32mx\lib\libmchp_peripheral_32MX795F512L.a(int_disable_interrupts_lib.o)
 .debug_frame   0x00000f6c       0x20 ..\..\..\..\..\..\microchip\xc32\v1.31\pic32mx\lib\libmchp_peripheral_32MX795F512L.a(int_restore_interrupts_lib.o)
 .debug_frame   0x00000f8c       0xa0 ..\..\..\..\..\..\microchip\xc32\v1.31\pic32mx\lib\libmchp_peripheral_32MX795F512L.a(int_tbl_lib.o)
 .debug_frame   0x0000102c       0x28 ..\..\..\..\..\..\microchip\xc32\v1.31\pic32mx\lib\libmchp_peripheral_32MX795F512L.a(nvm_erase_page_lib.o)
 .debug_frame   0x00001054       0x28 ..\..\..\..\..\..\microchip\xc32\v1.31\pic32mx\lib\libmchp_peripheral_32MX795F512L.a(nvm_operation_lib.o)
 .debug_frame   0x0000107c       0x28 ..\..\..\..\..\..\microchip\xc32\v1.31\pic32mx\lib\libmchp_peripheral_32MX795F512L.a(nvm_write_word_lib.o)
 .debug_frame   0x000010a4       0x20 ..\..\..\..\..\..\microchip\xc32\v1.31\pic32mx\lib\libmchp_peripheral_32MX795F512L.a(port_set_pins_digital_in_lib.o)
 .debug_frame   0x000010c4       0x20 ..\..\..\..\..\..\microchip\xc32\v1.31\pic32mx\lib\libmchp_peripheral_32MX795F512L.a(port_set_pins_digital_out_lib.o)
 .debug_frame   0x000010e4       0x20 ..\..\..\..\..\..\microchip\xc32\v1.31\pic32mx\lib\libmchp_peripheral_32MX795F512L.a(port_read_bits_lib.o)
 .debug_frame   0x00001104       0x20 ..\..\..\..\..\..\microchip\xc32\v1.31\pic32mx\lib\libmchp_peripheral_32MX795F512L.a(port_clear_bits_lib.o)
 .debug_frame   0x00001124       0x20 ..\..\..\..\..\..\microchip\xc32\v1.31\pic32mx\lib\libmchp_peripheral_32MX795F512L.a(port_set_bits_lib.o)
 .debug_frame   0x00001144       0x90 ..\..\..\..\..\..\microchip\xc32\v1.31\pic32mx\lib\libmchp_peripheral_32MX795F512L.a(uart_lib.o)
 .debug_frame   0x000011d4       0x28 c:/microchip/xc32/v1.31/bin/../lib/gcc/pic32mx/4.5.2\libgcc.a(floatunsisf.o)
 .debug_frame   0x000011fc       0x28 c:/microchip/xc32/v1.31/bin/../lib/gcc/pic32mx/4.5.2/../../../../pic32mx/lib\libpic32.a(default-bootstrap-exception-handler.o)
 .debug_frame   0x00001224       0x20 c:/microchip/xc32/v1.31/bin/../lib/gcc/pic32mx/4.5.2/../../../../pic32mx/lib\libpic32.a(default-on-reset.o)
 .debug_frame   0x00001244       0x20 c:/microchip/xc32/v1.31/bin/../lib/gcc/pic32mx/4.5.2/../../../../pic32mx/lib\libpic32.a(default-on-bootstrap.o)
 .debug_frame   0x00001264       0x28 c:/microchip/xc32/v1.31/bin/../lib/gcc/pic32mx/4.5.2/../../../../pic32mx/lib\libpic32.a(default-general-exception-handler.o)
 .debug_frame   0x0000128c       0x20 c:/microchip/xc32/v1.31/bin/../lib/gcc/pic32mx/4.5.2/../../../../pic32mx/lib\libpic32.a(defaultinterrupt.o)
 .debug_frame   0x000012ac       0x38 c:/microchip/xc32/v1.31/bin/../lib/gcc/pic32mx/4.5.2/../../../../pic32mx/lib\libm.a(w_atan2f.o)
 .debug_frame   0x000012e4       0x28 c:/microchip/xc32/v1.31/bin/../lib/gcc/pic32mx/4.5.2/../../../../pic32mx/lib\libm.a(w_sqrtf.o)
 .debug_frame   0x0000130c       0x68 c:/microchip/xc32/v1.31/bin/../lib/gcc/pic32mx/4.5.2/../../../../pic32mx/lib\libm.a(cabs.o)
 .debug_frame   0x00001374      0x13c c:/microchip/xc32/v1.31/bin/../lib/gcc/pic32mx/4.5.2/../../../../pic32mx/lib\libm.a(support.o)
 .debug_frame   0x000014b0       0x28 c:/microchip/xc32/v1.31/bin/../lib/gcc/pic32mx/4.5.2/../../../../pic32mx/lib\libm.a(w_ldexp.o)
 .debug_frame   0x000014d8       0x2c c:/microchip/xc32/v1.31/bin/../lib/gcc/pic32mx/4.5.2/../../../../pic32mx/lib\libm.a(w_sqrt.o)
 .debug_frame   0x00001504       0xa0 c:/microchip/xc32/v1.31/bin/../lib/gcc/pic32mx/4.5.2/../../../../pic32mx/lib\libpic32.a(isinf.o)
 .debug_frame   0x000015a4       0x38 c:/microchip/xc32/v1.31/bin/../lib/gcc/pic32mx/4.5.2/../../../../pic32mx/lib\libc.a(itoa.o)